// Jest Snapshot v1, https://goo.gl/fbAQLP

exports[`TableContainer Render <TableContainer/> with 1 header and 1 item 1`] = `
<DocumentFragment>
  <table
    class="af-table"
  >
    <thead
      aria-label="table-header"
      class="af-table__thead"
    >
      <tr
        aria-label="table-header-line"
        class="af-table__tr"
      >
        <th
          class="af-table__th af-table__th--sortable"
          role="button"
        >
          <span
            class="af-table__tr-label"
          >
            label
          </span>
          <span
            class="af-btn__icon af-btn__icon--table-sorting glyphicon glyphicon-sorting"
          />
        </th>
      </tr>
    </thead>
    <tbody
      aria-label="table-body"
      class="af-table__body"
    >
      <tr
        aria-label="table-body-line"
        class="af-table__tr"
      >
        <td
          class="af-table__cell"
        >
          samuel
        </td>
      </tr>
    </tbody>
  </table>
</DocumentFragment>
`;

exports[`TableContainer Render <TableContainer/> with empty items 1`] = `<DocumentFragment />`;

exports[`TableContainer Render <TableContainer/> without props 1`] = `<DocumentFragment />`;
