// Jest Snapshot v1, https://goo.gl/fbAQLP

exports[`Render App with Base have user props Should Base have fetchCustom props when call setFetchCustom 1`] = `
<DocumentFragment>
  <ul>
    <li>
      have authName
    </li>
    <li>
      have authAccessToken
    </li>
    <li>
      have authRole
    </li>
    <li>
      have authUid
    </li>
  </ul>
</DocumentFragment>
`;
