// Jest Snapshot v1, https://goo.gl/fbAQLP

exports[`<ButtonPage/> Should render ButtonPage 1`] = `
<DocumentFragment>
  <div
    class="af-main container"
  >
    <h1
      class="af-title--content"
    >
      Examples
    </h1>
    <article
      class="af-livecode"
    >
      <div
        style="font-size: 12px;"
      >
        <pre
          class="prism-code language-jsx"
          style="margin: 0px; outline: none; padding: 10px; font-family: inherit; white-space: pre-wrap; tab-size: 2;"
        >
          <div
            class="token-line"
            style="color: rgb(248, 248, 242);"
          >
            

          </div>
          <div
            class="token-line"
            style="color: rgb(248, 248, 242);"
          >
            <span
              class="token plain"
            >
                
            </span>
            <span
              class="token tag punctuation"
              style="color: rgb(248, 248, 242);"
            >
              &lt;
            </span>
            <span
              class="token tag class-name"
              style="color: rgb(255, 121, 198);"
            >
              Button
            </span>
            <span
              class="token tag"
              style="color: rgb(255, 121, 198);"
            >
               
            </span>
            <span
              class="token tag attr-name"
              style="color: rgb(241, 250, 140);"
            >
              type
            </span>
            <span
              class="token tag attr-value punctuation attr-equals"
              style="color: rgb(248, 248, 242);"
            >
              =
            </span>
            <span
              class="token tag attr-value punctuation"
              style="color: rgb(248, 248, 242);"
            >
              "
            </span>
            <span
              class="token tag attr-value"
              style="color: rgb(255, 121, 198);"
            >
              submit
            </span>
            <span
              class="token tag attr-value punctuation"
              style="color: rgb(248, 248, 242);"
            >
              "
            </span>
            <span
              class="token tag"
              style="color: rgb(255, 121, 198);"
            >
               
            </span>
            <span
              class="token tag attr-name"
              style="color: rgb(241, 250, 140);"
            >
              onClick
            </span>
            <span
              class="token tag script language-javascript script-punctuation punctuation"
              style="color: rgb(248, 248, 242);"
            >
              =
            </span>
            <span
              class="token tag script language-javascript punctuation"
              style="color: rgb(248, 248, 242);"
            >
              {
            </span>
            <span
              class="token tag script language-javascript parameter"
              style="color: rgb(255, 121, 198);"
            >
              e
            </span>
            <span
              class="token tag script language-javascript"
              style="color: rgb(255, 121, 198);"
            >
               
            </span>
            <span
              class="token tag script language-javascript operator"
              style="color: rgb(255, 121, 198);"
            >
              =&gt;
            </span>
            <span
              class="token tag script language-javascript"
              style="color: rgb(255, 121, 198);"
            >
               console
            </span>
            <span
              class="token tag script language-javascript punctuation"
              style="color: rgb(248, 248, 242);"
            >
              .
            </span>
            <span
              class="token tag script language-javascript function"
              style="color: rgb(80, 250, 123);"
            >
              log
            </span>
            <span
              class="token tag script language-javascript punctuation"
              style="color: rgb(248, 248, 242);"
            >
              (
            </span>
            <span
              class="token tag script language-javascript"
              style="color: rgb(255, 121, 198);"
            >
              e
            </span>
            <span
              class="token tag script language-javascript punctuation"
              style="color: rgb(248, 248, 242);"
            >
              )
            </span>
            <span
              class="token tag script language-javascript punctuation"
              style="color: rgb(248, 248, 242);"
            >
              }
            </span>
            <span
              class="token tag"
              style="color: rgb(255, 121, 198);"
            >
               
            </span>
            <span
              class="token tag attr-name"
              style="color: rgb(241, 250, 140);"
            >
              id
            </span>
            <span
              class="token tag attr-value punctuation attr-equals"
              style="color: rgb(248, 248, 242);"
            >
              =
            </span>
            <span
              class="token tag attr-value punctuation"
              style="color: rgb(248, 248, 242);"
            >
              "
            </span>
            <span
              class="token tag attr-value"
              style="color: rgb(255, 121, 198);"
            >
              btn-classic
            </span>
            <span
              class="token tag attr-value punctuation"
              style="color: rgb(248, 248, 242);"
            >
              "
            </span>
            <span
              class="token tag punctuation"
              style="color: rgb(248, 248, 242);"
            >
              &gt;
            </span>
            <span
              class="token plain-text"
            />
            

          </div>
          <div
            class="token-line"
            style="color: rgb(248, 248, 242);"
          >
            <span
              class="token plain-text"
            >
                  
            </span>
            <span
              class="token tag punctuation"
              style="color: rgb(248, 248, 242);"
            >
              &lt;
            </span>
            <span
              class="token tag"
              style="color: rgb(255, 121, 198);"
            >
              span
            </span>
            <span
              class="token tag"
              style="color: rgb(255, 121, 198);"
            >
               
            </span>
            <span
              class="token tag attr-name"
              style="color: rgb(241, 250, 140);"
            >
              className
            </span>
            <span
              class="token tag attr-value punctuation attr-equals"
              style="color: rgb(248, 248, 242);"
            >
              =
            </span>
            <span
              class="token tag attr-value punctuation"
              style="color: rgb(248, 248, 242);"
            >
              "
            </span>
            <span
              class="token tag attr-value"
              style="color: rgb(255, 121, 198);"
            >
              af-btn__text
            </span>
            <span
              class="token tag attr-value punctuation"
              style="color: rgb(248, 248, 242);"
            >
              "
            </span>
            <span
              class="token tag punctuation"
              style="color: rgb(248, 248, 242);"
            >
              &gt;
            </span>
            <span
              class="token plain-text"
            >
              Classic button
            </span>
            <span
              class="token tag punctuation"
              style="color: rgb(248, 248, 242);"
            >
              &lt;/
            </span>
            <span
              class="token tag"
              style="color: rgb(255, 121, 198);"
            >
              span
            </span>
            <span
              class="token tag punctuation"
              style="color: rgb(248, 248, 242);"
            >
              &gt;
            </span>
            <span
              class="token plain-text"
            />
            

          </div>
          <div
            class="token-line"
            style="color: rgb(248, 248, 242);"
          >
            <span
              class="token plain-text"
            >
                
            </span>
            <span
              class="token tag punctuation"
              style="color: rgb(248, 248, 242);"
            >
              &lt;/
            </span>
            <span
              class="token tag class-name"
              style="color: rgb(255, 121, 198);"
            >
              Button
            </span>
            <span
              class="token tag punctuation"
              style="color: rgb(248, 248, 242);"
            >
              &gt;
            </span>
            <span
              class="token plain"
            />
            

          </div>
          <div
            class="token-line"
            style="color: rgb(248, 248, 242);"
          >
            

          </div>
        </pre>
      </div>
      <div
        style="padding: 2rem; border: 3px solid #ccc;"
      />
    </article>
    <article
      class="af-livecode"
    >
      <div
        style="font-size: 12px;"
      >
        <pre
          class="prism-code language-jsx"
          style="margin: 0px; outline: none; padding: 10px; font-family: inherit; white-space: pre-wrap; tab-size: 2;"
        >
          <div
            class="token-line"
            style="color: rgb(248, 248, 242);"
          >
            

          </div>
          <div
            class="token-line"
            style="color: rgb(248, 248, 242);"
          >
            <span
              class="token plain"
            >
                
            </span>
            <span
              class="token tag punctuation"
              style="color: rgb(248, 248, 242);"
            >
              &lt;
            </span>
            <span
              class="token tag class-name"
              style="color: rgb(255, 121, 198);"
            >
              Button
            </span>
            <span
              class="token tag"
              style="color: rgb(255, 121, 198);"
            >
               
            </span>
            <span
              class="token tag attr-name"
              style="color: rgb(241, 250, 140);"
            >
              classModifier
            </span>
            <span
              class="token tag attr-value punctuation attr-equals"
              style="color: rgb(248, 248, 242);"
            >
              =
            </span>
            <span
              class="token tag attr-value punctuation"
              style="color: rgb(248, 248, 242);"
            >
              "
            </span>
            <span
              class="token tag attr-value"
              style="color: rgb(255, 121, 198);"
            >
              reverse
            </span>
            <span
              class="token tag attr-value punctuation"
              style="color: rgb(248, 248, 242);"
            >
              "
            </span>
            <span
              class="token tag"
              style="color: rgb(255, 121, 198);"
            >
               
            </span>
            <span
              class="token tag attr-name"
              style="color: rgb(241, 250, 140);"
            >
              type
            </span>
            <span
              class="token tag attr-value punctuation attr-equals"
              style="color: rgb(248, 248, 242);"
            >
              =
            </span>
            <span
              class="token tag attr-value punctuation"
              style="color: rgb(248, 248, 242);"
            >
              "
            </span>
            <span
              class="token tag attr-value"
              style="color: rgb(255, 121, 198);"
            >
              submit
            </span>
            <span
              class="token tag attr-value punctuation"
              style="color: rgb(248, 248, 242);"
            >
              "
            </span>
            <span
              class="token tag"
              style="color: rgb(255, 121, 198);"
            >
               
            </span>
            <span
              class="token tag attr-name"
              style="color: rgb(241, 250, 140);"
            >
              onClick
            </span>
            <span
              class="token tag script language-javascript script-punctuation punctuation"
              style="color: rgb(248, 248, 242);"
            >
              =
            </span>
            <span
              class="token tag script language-javascript punctuation"
              style="color: rgb(248, 248, 242);"
            >
              {
            </span>
            <span
              class="token tag script language-javascript parameter"
              style="color: rgb(255, 121, 198);"
            >
              e
            </span>
            <span
              class="token tag script language-javascript"
              style="color: rgb(255, 121, 198);"
            >
               
            </span>
            <span
              class="token tag script language-javascript operator"
              style="color: rgb(255, 121, 198);"
            >
              =&gt;
            </span>
            <span
              class="token tag script language-javascript"
              style="color: rgb(255, 121, 198);"
            >
               console
            </span>
            <span
              class="token tag script language-javascript punctuation"
              style="color: rgb(248, 248, 242);"
            >
              .
            </span>
            <span
              class="token tag script language-javascript function"
              style="color: rgb(80, 250, 123);"
            >
              log
            </span>
            <span
              class="token tag script language-javascript punctuation"
              style="color: rgb(248, 248, 242);"
            >
              (
            </span>
            <span
              class="token tag script language-javascript"
              style="color: rgb(255, 121, 198);"
            >
              e
            </span>
            <span
              class="token tag script language-javascript punctuation"
              style="color: rgb(248, 248, 242);"
            >
              )
            </span>
            <span
              class="token tag script language-javascript punctuation"
              style="color: rgb(248, 248, 242);"
            >
              }
            </span>
            <span
              class="token tag"
              style="color: rgb(255, 121, 198);"
            >
               
            </span>
            <span
              class="token tag attr-name"
              style="color: rgb(241, 250, 140);"
            >
              id
            </span>
            <span
              class="token tag attr-value punctuation attr-equals"
              style="color: rgb(248, 248, 242);"
            >
              =
            </span>
            <span
              class="token tag attr-value punctuation"
              style="color: rgb(248, 248, 242);"
            >
              "
            </span>
            <span
              class="token tag attr-value"
              style="color: rgb(255, 121, 198);"
            >
              btn-reverse
            </span>
            <span
              class="token tag attr-value punctuation"
              style="color: rgb(248, 248, 242);"
            >
              "
            </span>
            <span
              class="token tag punctuation"
              style="color: rgb(248, 248, 242);"
            >
              &gt;
            </span>
            <span
              class="token plain-text"
            />
            

          </div>
          <div
            class="token-line"
            style="color: rgb(248, 248, 242);"
          >
            <span
              class="token plain-text"
            >
                  
            </span>
            <span
              class="token tag punctuation"
              style="color: rgb(248, 248, 242);"
            >
              &lt;
            </span>
            <span
              class="token tag"
              style="color: rgb(255, 121, 198);"
            >
              span
            </span>
            <span
              class="token tag"
              style="color: rgb(255, 121, 198);"
            >
               
            </span>
            <span
              class="token tag attr-name"
              style="color: rgb(241, 250, 140);"
            >
              className
            </span>
            <span
              class="token tag attr-value punctuation attr-equals"
              style="color: rgb(248, 248, 242);"
            >
              =
            </span>
            <span
              class="token tag attr-value punctuation"
              style="color: rgb(248, 248, 242);"
            >
              "
            </span>
            <span
              class="token tag attr-value"
              style="color: rgb(255, 121, 198);"
            >
              af-btn__text
            </span>
            <span
              class="token tag attr-value punctuation"
              style="color: rgb(248, 248, 242);"
            >
              "
            </span>
            <span
              class="token tag punctuation"
              style="color: rgb(248, 248, 242);"
            >
              &gt;
            </span>
            <span
              class="token plain-text"
            >
              Reversed button
            </span>
            <span
              class="token tag punctuation"
              style="color: rgb(248, 248, 242);"
            >
              &lt;/
            </span>
            <span
              class="token tag"
              style="color: rgb(255, 121, 198);"
            >
              span
            </span>
            <span
              class="token tag punctuation"
              style="color: rgb(248, 248, 242);"
            >
              &gt;
            </span>
            <span
              class="token plain-text"
            />
            

          </div>
          <div
            class="token-line"
            style="color: rgb(248, 248, 242);"
          >
            <span
              class="token plain-text"
            >
                
            </span>
            <span
              class="token tag punctuation"
              style="color: rgb(248, 248, 242);"
            >
              &lt;/
            </span>
            <span
              class="token tag class-name"
              style="color: rgb(255, 121, 198);"
            >
              Button
            </span>
            <span
              class="token tag punctuation"
              style="color: rgb(248, 248, 242);"
            >
              &gt;
            </span>
            <span
              class="token plain"
            />
            

          </div>
          <div
            class="token-line"
            style="color: rgb(248, 248, 242);"
          >
            

          </div>
        </pre>
      </div>
      <div
        style="padding: 2rem; border: 3px solid #ccc;"
      />
    </article>
    <article
      class="af-livecode"
    >
      <div
        style="font-size: 12px;"
      >
        <pre
          class="prism-code language-jsx"
          style="margin: 0px; outline: none; padding: 10px; font-family: inherit; white-space: pre-wrap; tab-size: 2;"
        >
          <div
            class="token-line"
            style="color: rgb(248, 248, 242);"
          >
            

          </div>
          <div
            class="token-line"
            style="color: rgb(248, 248, 242);"
          >
            <span
              class="token plain"
            >
                
            </span>
            <span
              class="token tag punctuation"
              style="color: rgb(248, 248, 242);"
            >
              &lt;
            </span>
            <span
              class="token tag class-name"
              style="color: rgb(255, 121, 198);"
            >
              Button
            </span>
            <span
              class="token tag"
              style="color: rgb(255, 121, 198);"
            >
               
            </span>
            <span
              class="token tag attr-name"
              style="color: rgb(241, 250, 140);"
            >
              disabled
            </span>
            <span
              class="token tag attr-value punctuation attr-equals"
              style="color: rgb(248, 248, 242);"
            >
              =
            </span>
            <span
              class="token tag attr-value punctuation"
              style="color: rgb(248, 248, 242);"
            >
              "
            </span>
            <span
              class="token tag attr-value"
              style="color: rgb(255, 121, 198);"
            >
              disabled
            </span>
            <span
              class="token tag attr-value punctuation"
              style="color: rgb(248, 248, 242);"
            >
              "
            </span>
            <span
              class="token tag"
              style="color: rgb(255, 121, 198);"
            >
               
            </span>
            <span
              class="token tag attr-name"
              style="color: rgb(241, 250, 140);"
            >
              classModifier
            </span>
            <span
              class="token tag attr-value punctuation attr-equals"
              style="color: rgb(248, 248, 242);"
            >
              =
            </span>
            <span
              class="token tag attr-value punctuation"
              style="color: rgb(248, 248, 242);"
            >
              "
            </span>
            <span
              class="token tag attr-value"
              style="color: rgb(255, 121, 198);"
            >
              disabled
            </span>
            <span
              class="token tag attr-value punctuation"
              style="color: rgb(248, 248, 242);"
            >
              "
            </span>
            <span
              class="token tag"
              style="color: rgb(255, 121, 198);"
            >
               
            </span>
            <span
              class="token tag attr-name"
              style="color: rgb(241, 250, 140);"
            >
              type
            </span>
            <span
              class="token tag attr-value punctuation attr-equals"
              style="color: rgb(248, 248, 242);"
            >
              =
            </span>
            <span
              class="token tag attr-value punctuation"
              style="color: rgb(248, 248, 242);"
            >
              "
            </span>
            <span
              class="token tag attr-value"
              style="color: rgb(255, 121, 198);"
            >
              submit
            </span>
            <span
              class="token tag attr-value punctuation"
              style="color: rgb(248, 248, 242);"
            >
              "
            </span>
            <span
              class="token tag"
              style="color: rgb(255, 121, 198);"
            >
               
            </span>
            <span
              class="token tag attr-name"
              style="color: rgb(241, 250, 140);"
            >
              onClick
            </span>
            <span
              class="token tag script language-javascript script-punctuation punctuation"
              style="color: rgb(248, 248, 242);"
            >
              =
            </span>
            <span
              class="token tag script language-javascript punctuation"
              style="color: rgb(248, 248, 242);"
            >
              {
            </span>
            <span
              class="token tag script language-javascript parameter"
              style="color: rgb(255, 121, 198);"
            >
              e
            </span>
            <span
              class="token tag script language-javascript"
              style="color: rgb(255, 121, 198);"
            >
               
            </span>
            <span
              class="token tag script language-javascript operator"
              style="color: rgb(255, 121, 198);"
            >
              =&gt;
            </span>
            <span
              class="token tag script language-javascript"
              style="color: rgb(255, 121, 198);"
            >
               console
            </span>
            <span
              class="token tag script language-javascript punctuation"
              style="color: rgb(248, 248, 242);"
            >
              .
            </span>
            <span
              class="token tag script language-javascript function"
              style="color: rgb(80, 250, 123);"
            >
              log
            </span>
            <span
              class="token tag script language-javascript punctuation"
              style="color: rgb(248, 248, 242);"
            >
              (
            </span>
            <span
              class="token tag script language-javascript"
              style="color: rgb(255, 121, 198);"
            >
              e
            </span>
            <span
              class="token tag script language-javascript punctuation"
              style="color: rgb(248, 248, 242);"
            >
              )
            </span>
            <span
              class="token tag script language-javascript punctuation"
              style="color: rgb(248, 248, 242);"
            >
              }
            </span>
            <span
              class="token tag"
              style="color: rgb(255, 121, 198);"
            >
               
            </span>
            <span
              class="token tag attr-name"
              style="color: rgb(241, 250, 140);"
            >
              id
            </span>
            <span
              class="token tag attr-value punctuation attr-equals"
              style="color: rgb(248, 248, 242);"
            >
              =
            </span>
            <span
              class="token tag attr-value punctuation"
              style="color: rgb(248, 248, 242);"
            >
              "
            </span>
            <span
              class="token tag attr-value"
              style="color: rgb(255, 121, 198);"
            >
              btn-disabled
            </span>
            <span
              class="token tag attr-value punctuation"
              style="color: rgb(248, 248, 242);"
            >
              "
            </span>
            <span
              class="token tag punctuation"
              style="color: rgb(248, 248, 242);"
            >
              &gt;
            </span>
            <span
              class="token plain-text"
            />
            

          </div>
          <div
            class="token-line"
            style="color: rgb(248, 248, 242);"
          >
            <span
              class="token plain-text"
            >
                  
            </span>
            <span
              class="token tag punctuation"
              style="color: rgb(248, 248, 242);"
            >
              &lt;
            </span>
            <span
              class="token tag"
              style="color: rgb(255, 121, 198);"
            >
              span
            </span>
            <span
              class="token tag"
              style="color: rgb(255, 121, 198);"
            >
               
            </span>
            <span
              class="token tag attr-name"
              style="color: rgb(241, 250, 140);"
            >
              className
            </span>
            <span
              class="token tag attr-value punctuation attr-equals"
              style="color: rgb(248, 248, 242);"
            >
              =
            </span>
            <span
              class="token tag attr-value punctuation"
              style="color: rgb(248, 248, 242);"
            >
              "
            </span>
            <span
              class="token tag attr-value"
              style="color: rgb(255, 121, 198);"
            >
              af-btn__text
            </span>
            <span
              class="token tag attr-value punctuation"
              style="color: rgb(248, 248, 242);"
            >
              "
            </span>
            <span
              class="token tag punctuation"
              style="color: rgb(248, 248, 242);"
            >
              &gt;
            </span>
            <span
              class="token plain-text"
            >
              Disabled button
            </span>
            <span
              class="token tag punctuation"
              style="color: rgb(248, 248, 242);"
            >
              &lt;/
            </span>
            <span
              class="token tag"
              style="color: rgb(255, 121, 198);"
            >
              span
            </span>
            <span
              class="token tag punctuation"
              style="color: rgb(248, 248, 242);"
            >
              &gt;
            </span>
            <span
              class="token plain-text"
            />
            

          </div>
          <div
            class="token-line"
            style="color: rgb(248, 248, 242);"
          >
            <span
              class="token plain-text"
            >
                
            </span>
            <span
              class="token tag punctuation"
              style="color: rgb(248, 248, 242);"
            >
              &lt;/
            </span>
            <span
              class="token tag class-name"
              style="color: rgb(255, 121, 198);"
            >
              Button
            </span>
            <span
              class="token tag punctuation"
              style="color: rgb(248, 248, 242);"
            >
              &gt;
            </span>
            <span
              class="token plain"
            />
            

          </div>
          <div
            class="token-line"
            style="color: rgb(248, 248, 242);"
          >
            

          </div>
        </pre>
      </div>
      <div
        style="padding: 2rem; border: 3px solid #ccc;"
      />
    </article>
    <article
      class="af-livecode"
    >
      <div
        style="font-size: 12px;"
      >
        <pre
          class="prism-code language-jsx"
          style="margin: 0px; outline: none; padding: 10px; font-family: inherit; white-space: pre-wrap; tab-size: 2;"
        >
          <div
            class="token-line"
            style="color: rgb(248, 248, 242);"
          >
            

          </div>
          <div
            class="token-line"
            style="color: rgb(248, 248, 242);"
          >
            <span
              class="token plain"
            >
                
            </span>
            <span
              class="token tag punctuation"
              style="color: rgb(248, 248, 242);"
            >
              &lt;
            </span>
            <span
              class="token tag class-name"
              style="color: rgb(255, 121, 198);"
            >
              Button
            </span>
            <span
              class="token tag"
              style="color: rgb(255, 121, 198);"
            >
               
            </span>
            <span
              class="token tag attr-name"
              style="color: rgb(241, 250, 140);"
            >
              classModifier
            </span>
            <span
              class="token tag attr-value punctuation attr-equals"
              style="color: rgb(248, 248, 242);"
            >
              =
            </span>
            <span
              class="token tag attr-value punctuation"
              style="color: rgb(248, 248, 242);"
            >
              "
            </span>
            <span
              class="token tag attr-value"
              style="color: rgb(255, 121, 198);"
            >
              success
            </span>
            <span
              class="token tag attr-value punctuation"
              style="color: rgb(248, 248, 242);"
            >
              "
            </span>
            <span
              class="token tag"
              style="color: rgb(255, 121, 198);"
            >
               
            </span>
            <span
              class="token tag attr-name"
              style="color: rgb(241, 250, 140);"
            >
              type
            </span>
            <span
              class="token tag attr-value punctuation attr-equals"
              style="color: rgb(248, 248, 242);"
            >
              =
            </span>
            <span
              class="token tag attr-value punctuation"
              style="color: rgb(248, 248, 242);"
            >
              "
            </span>
            <span
              class="token tag attr-value"
              style="color: rgb(255, 121, 198);"
            >
              submit
            </span>
            <span
              class="token tag attr-value punctuation"
              style="color: rgb(248, 248, 242);"
            >
              "
            </span>
            <span
              class="token tag"
              style="color: rgb(255, 121, 198);"
            >
               
            </span>
            <span
              class="token tag attr-name"
              style="color: rgb(241, 250, 140);"
            >
              onClick
            </span>
            <span
              class="token tag script language-javascript script-punctuation punctuation"
              style="color: rgb(248, 248, 242);"
            >
              =
            </span>
            <span
              class="token tag script language-javascript punctuation"
              style="color: rgb(248, 248, 242);"
            >
              {
            </span>
            <span
              class="token tag script language-javascript parameter"
              style="color: rgb(255, 121, 198);"
            >
              e
            </span>
            <span
              class="token tag script language-javascript"
              style="color: rgb(255, 121, 198);"
            >
               
            </span>
            <span
              class="token tag script language-javascript operator"
              style="color: rgb(255, 121, 198);"
            >
              =&gt;
            </span>
            <span
              class="token tag script language-javascript"
              style="color: rgb(255, 121, 198);"
            >
               console
            </span>
            <span
              class="token tag script language-javascript punctuation"
              style="color: rgb(248, 248, 242);"
            >
              .
            </span>
            <span
              class="token tag script language-javascript function"
              style="color: rgb(80, 250, 123);"
            >
              log
            </span>
            <span
              class="token tag script language-javascript punctuation"
              style="color: rgb(248, 248, 242);"
            >
              (
            </span>
            <span
              class="token tag script language-javascript"
              style="color: rgb(255, 121, 198);"
            >
              e
            </span>
            <span
              class="token tag script language-javascript punctuation"
              style="color: rgb(248, 248, 242);"
            >
              )
            </span>
            <span
              class="token tag script language-javascript punctuation"
              style="color: rgb(248, 248, 242);"
            >
              }
            </span>
            <span
              class="token tag"
              style="color: rgb(255, 121, 198);"
            >
               
            </span>
            <span
              class="token tag attr-name"
              style="color: rgb(241, 250, 140);"
            >
              id
            </span>
            <span
              class="token tag attr-value punctuation attr-equals"
              style="color: rgb(248, 248, 242);"
            >
              =
            </span>
            <span
              class="token tag attr-value punctuation"
              style="color: rgb(248, 248, 242);"
            >
              "
            </span>
            <span
              class="token tag attr-value"
              style="color: rgb(255, 121, 198);"
            >
              btn-success
            </span>
            <span
              class="token tag attr-value punctuation"
              style="color: rgb(248, 248, 242);"
            >
              "
            </span>
            <span
              class="token tag punctuation"
              style="color: rgb(248, 248, 242);"
            >
              &gt;
            </span>
            <span
              class="token plain-text"
            />
            

          </div>
          <div
            class="token-line"
            style="color: rgb(248, 248, 242);"
          >
            <span
              class="token plain-text"
            >
                  
            </span>
            <span
              class="token tag punctuation"
              style="color: rgb(248, 248, 242);"
            >
              &lt;
            </span>
            <span
              class="token tag"
              style="color: rgb(255, 121, 198);"
            >
              span
            </span>
            <span
              class="token tag"
              style="color: rgb(255, 121, 198);"
            >
               
            </span>
            <span
              class="token tag attr-name"
              style="color: rgb(241, 250, 140);"
            >
              className
            </span>
            <span
              class="token tag attr-value punctuation attr-equals"
              style="color: rgb(248, 248, 242);"
            >
              =
            </span>
            <span
              class="token tag attr-value punctuation"
              style="color: rgb(248, 248, 242);"
            >
              "
            </span>
            <span
              class="token tag attr-value"
              style="color: rgb(255, 121, 198);"
            >
              af-btn__text
            </span>
            <span
              class="token tag attr-value punctuation"
              style="color: rgb(248, 248, 242);"
            >
              "
            </span>
            <span
              class="token tag punctuation"
              style="color: rgb(248, 248, 242);"
            >
              &gt;
            </span>
            <span
              class="token plain-text"
            >
              Success button
            </span>
            <span
              class="token tag punctuation"
              style="color: rgb(248, 248, 242);"
            >
              &lt;/
            </span>
            <span
              class="token tag"
              style="color: rgb(255, 121, 198);"
            >
              span
            </span>
            <span
              class="token tag punctuation"
              style="color: rgb(248, 248, 242);"
            >
              &gt;
            </span>
            <span
              class="token plain-text"
            />
            

          </div>
          <div
            class="token-line"
            style="color: rgb(248, 248, 242);"
          >
            <span
              class="token plain-text"
            >
                
            </span>
            <span
              class="token tag punctuation"
              style="color: rgb(248, 248, 242);"
            >
              &lt;/
            </span>
            <span
              class="token tag class-name"
              style="color: rgb(255, 121, 198);"
            >
              Button
            </span>
            <span
              class="token tag punctuation"
              style="color: rgb(248, 248, 242);"
            >
              &gt;
            </span>
            <span
              class="token plain"
            />
            

          </div>
          <div
            class="token-line"
            style="color: rgb(248, 248, 242);"
          >
            

          </div>
        </pre>
      </div>
      <div
        style="padding: 2rem; border: 3px solid #ccc;"
      />
    </article>
    <article
      class="af-livecode"
    >
      <div
        style="font-size: 12px;"
      >
        <pre
          class="prism-code language-jsx"
          style="margin: 0px; outline: none; padding: 10px; font-family: inherit; white-space: pre-wrap; tab-size: 2;"
        >
          <div
            class="token-line"
            style="color: rgb(248, 248, 242);"
          >
            

          </div>
          <div
            class="token-line"
            style="color: rgb(248, 248, 242);"
          >
            <span
              class="token plain"
            >
                
            </span>
            <span
              class="token tag punctuation"
              style="color: rgb(248, 248, 242);"
            >
              &lt;
            </span>
            <span
              class="token tag class-name"
              style="color: rgb(255, 121, 198);"
            >
              Button
            </span>
            <span
              class="token tag"
              style="color: rgb(255, 121, 198);"
            >
               
            </span>
            <span
              class="token tag attr-name"
              style="color: rgb(241, 250, 140);"
            >
              classModifier
            </span>
            <span
              class="token tag attr-value punctuation attr-equals"
              style="color: rgb(248, 248, 242);"
            >
              =
            </span>
            <span
              class="token tag attr-value punctuation"
              style="color: rgb(248, 248, 242);"
            >
              "
            </span>
            <span
              class="token tag attr-value"
              style="color: rgb(255, 121, 198);"
            >
              danger
            </span>
            <span
              class="token tag attr-value punctuation"
              style="color: rgb(248, 248, 242);"
            >
              "
            </span>
            <span
              class="token tag"
              style="color: rgb(255, 121, 198);"
            >
               
            </span>
            <span
              class="token tag attr-name"
              style="color: rgb(241, 250, 140);"
            >
              type
            </span>
            <span
              class="token tag attr-value punctuation attr-equals"
              style="color: rgb(248, 248, 242);"
            >
              =
            </span>
            <span
              class="token tag attr-value punctuation"
              style="color: rgb(248, 248, 242);"
            >
              "
            </span>
            <span
              class="token tag attr-value"
              style="color: rgb(255, 121, 198);"
            >
              submit
            </span>
            <span
              class="token tag attr-value punctuation"
              style="color: rgb(248, 248, 242);"
            >
              "
            </span>
            <span
              class="token tag"
              style="color: rgb(255, 121, 198);"
            >
               
            </span>
            <span
              class="token tag attr-name"
              style="color: rgb(241, 250, 140);"
            >
              onClick
            </span>
            <span
              class="token tag script language-javascript script-punctuation punctuation"
              style="color: rgb(248, 248, 242);"
            >
              =
            </span>
            <span
              class="token tag script language-javascript punctuation"
              style="color: rgb(248, 248, 242);"
            >
              {
            </span>
            <span
              class="token tag script language-javascript parameter"
              style="color: rgb(255, 121, 198);"
            >
              e
            </span>
            <span
              class="token tag script language-javascript"
              style="color: rgb(255, 121, 198);"
            >
               
            </span>
            <span
              class="token tag script language-javascript operator"
              style="color: rgb(255, 121, 198);"
            >
              =&gt;
            </span>
            <span
              class="token tag script language-javascript"
              style="color: rgb(255, 121, 198);"
            >
               console
            </span>
            <span
              class="token tag script language-javascript punctuation"
              style="color: rgb(248, 248, 242);"
            >
              .
            </span>
            <span
              class="token tag script language-javascript function"
              style="color: rgb(80, 250, 123);"
            >
              log
            </span>
            <span
              class="token tag script language-javascript punctuation"
              style="color: rgb(248, 248, 242);"
            >
              (
            </span>
            <span
              class="token tag script language-javascript"
              style="color: rgb(255, 121, 198);"
            >
              e
            </span>
            <span
              class="token tag script language-javascript punctuation"
              style="color: rgb(248, 248, 242);"
            >
              )
            </span>
            <span
              class="token tag script language-javascript punctuation"
              style="color: rgb(248, 248, 242);"
            >
              }
            </span>
            <span
              class="token tag"
              style="color: rgb(255, 121, 198);"
            >
               
            </span>
            <span
              class="token tag attr-name"
              style="color: rgb(241, 250, 140);"
            >
              id
            </span>
            <span
              class="token tag attr-value punctuation attr-equals"
              style="color: rgb(248, 248, 242);"
            >
              =
            </span>
            <span
              class="token tag attr-value punctuation"
              style="color: rgb(248, 248, 242);"
            >
              "
            </span>
            <span
              class="token tag attr-value"
              style="color: rgb(255, 121, 198);"
            >
              btn-danger
            </span>
            <span
              class="token tag attr-value punctuation"
              style="color: rgb(248, 248, 242);"
            >
              "
            </span>
            <span
              class="token tag punctuation"
              style="color: rgb(248, 248, 242);"
            >
              &gt;
            </span>
            <span
              class="token plain-text"
            />
            

          </div>
          <div
            class="token-line"
            style="color: rgb(248, 248, 242);"
          >
            <span
              class="token plain-text"
            >
                  
            </span>
            <span
              class="token tag punctuation"
              style="color: rgb(248, 248, 242);"
            >
              &lt;
            </span>
            <span
              class="token tag"
              style="color: rgb(255, 121, 198);"
            >
              span
            </span>
            <span
              class="token tag"
              style="color: rgb(255, 121, 198);"
            >
               
            </span>
            <span
              class="token tag attr-name"
              style="color: rgb(241, 250, 140);"
            >
              className
            </span>
            <span
              class="token tag attr-value punctuation attr-equals"
              style="color: rgb(248, 248, 242);"
            >
              =
            </span>
            <span
              class="token tag attr-value punctuation"
              style="color: rgb(248, 248, 242);"
            >
              "
            </span>
            <span
              class="token tag attr-value"
              style="color: rgb(255, 121, 198);"
            >
              af-btn__text
            </span>
            <span
              class="token tag attr-value punctuation"
              style="color: rgb(248, 248, 242);"
            >
              "
            </span>
            <span
              class="token tag punctuation"
              style="color: rgb(248, 248, 242);"
            >
              &gt;
            </span>
            <span
              class="token plain-text"
            >
              Danger button
            </span>
            <span
              class="token tag punctuation"
              style="color: rgb(248, 248, 242);"
            >
              &lt;/
            </span>
            <span
              class="token tag"
              style="color: rgb(255, 121, 198);"
            >
              span
            </span>
            <span
              class="token tag punctuation"
              style="color: rgb(248, 248, 242);"
            >
              &gt;
            </span>
            <span
              class="token plain-text"
            />
            

          </div>
          <div
            class="token-line"
            style="color: rgb(248, 248, 242);"
          >
            <span
              class="token plain-text"
            >
                
            </span>
            <span
              class="token tag punctuation"
              style="color: rgb(248, 248, 242);"
            >
              &lt;/
            </span>
            <span
              class="token tag class-name"
              style="color: rgb(255, 121, 198);"
            >
              Button
            </span>
            <span
              class="token tag punctuation"
              style="color: rgb(248, 248, 242);"
            >
              &gt;
            </span>
            <span
              class="token plain"
            />
            

          </div>
          <div
            class="token-line"
            style="color: rgb(248, 248, 242);"
          >
            

          </div>
        </pre>
      </div>
      <div
        style="padding: 2rem; border: 3px solid #ccc;"
      />
    </article>
    <article
      class="af-livecode"
    >
      <div
        style="font-size: 12px;"
      >
        <pre
          class="prism-code language-jsx"
          style="margin: 0px; outline: none; padding: 10px; font-family: inherit; white-space: pre-wrap; tab-size: 2;"
        >
          <div
            class="token-line"
            style="color: rgb(248, 248, 242);"
          >
            

          </div>
          <div
            class="token-line"
            style="color: rgb(248, 248, 242);"
          >
            <span
              class="token plain"
            >
                
            </span>
            <span
              class="token tag punctuation"
              style="color: rgb(248, 248, 242);"
            >
              &lt;
            </span>
            <span
              class="token tag class-name"
              style="color: rgb(255, 121, 198);"
            >
              Button
            </span>
            <span
              class="token tag"
              style="color: rgb(255, 121, 198);"
            >
               
            </span>
            <span
              class="token tag attr-name"
              style="color: rgb(241, 250, 140);"
            >
              classModifier
            </span>
            <span
              class="token tag attr-value punctuation attr-equals"
              style="color: rgb(248, 248, 242);"
            >
              =
            </span>
            <span
              class="token tag attr-value punctuation"
              style="color: rgb(248, 248, 242);"
            >
              "
            </span>
            <span
              class="token tag attr-value"
              style="color: rgb(255, 121, 198);"
            >
              small
            </span>
            <span
              class="token tag attr-value punctuation"
              style="color: rgb(248, 248, 242);"
            >
              "
            </span>
            <span
              class="token tag"
              style="color: rgb(255, 121, 198);"
            >
               
            </span>
            <span
              class="token tag attr-name"
              style="color: rgb(241, 250, 140);"
            >
              type
            </span>
            <span
              class="token tag attr-value punctuation attr-equals"
              style="color: rgb(248, 248, 242);"
            >
              =
            </span>
            <span
              class="token tag attr-value punctuation"
              style="color: rgb(248, 248, 242);"
            >
              "
            </span>
            <span
              class="token tag attr-value"
              style="color: rgb(255, 121, 198);"
            >
              submit
            </span>
            <span
              class="token tag attr-value punctuation"
              style="color: rgb(248, 248, 242);"
            >
              "
            </span>
            <span
              class="token tag"
              style="color: rgb(255, 121, 198);"
            >
               
            </span>
            <span
              class="token tag attr-name"
              style="color: rgb(241, 250, 140);"
            >
              onClick
            </span>
            <span
              class="token tag script language-javascript script-punctuation punctuation"
              style="color: rgb(248, 248, 242);"
            >
              =
            </span>
            <span
              class="token tag script language-javascript punctuation"
              style="color: rgb(248, 248, 242);"
            >
              {
            </span>
            <span
              class="token tag script language-javascript parameter"
              style="color: rgb(255, 121, 198);"
            >
              e
            </span>
            <span
              class="token tag script language-javascript"
              style="color: rgb(255, 121, 198);"
            >
               
            </span>
            <span
              class="token tag script language-javascript operator"
              style="color: rgb(255, 121, 198);"
            >
              =&gt;
            </span>
            <span
              class="token tag script language-javascript"
              style="color: rgb(255, 121, 198);"
            >
               console
            </span>
            <span
              class="token tag script language-javascript punctuation"
              style="color: rgb(248, 248, 242);"
            >
              .
            </span>
            <span
              class="token tag script language-javascript function"
              style="color: rgb(80, 250, 123);"
            >
              log
            </span>
            <span
              class="token tag script language-javascript punctuation"
              style="color: rgb(248, 248, 242);"
            >
              (
            </span>
            <span
              class="token tag script language-javascript"
              style="color: rgb(255, 121, 198);"
            >
              e
            </span>
            <span
              class="token tag script language-javascript punctuation"
              style="color: rgb(248, 248, 242);"
            >
              )
            </span>
            <span
              class="token tag script language-javascript punctuation"
              style="color: rgb(248, 248, 242);"
            >
              }
            </span>
            <span
              class="token tag"
              style="color: rgb(255, 121, 198);"
            >
               
            </span>
            <span
              class="token tag attr-name"
              style="color: rgb(241, 250, 140);"
            >
              id
            </span>
            <span
              class="token tag attr-value punctuation attr-equals"
              style="color: rgb(248, 248, 242);"
            >
              =
            </span>
            <span
              class="token tag attr-value punctuation"
              style="color: rgb(248, 248, 242);"
            >
              "
            </span>
            <span
              class="token tag attr-value"
              style="color: rgb(255, 121, 198);"
            >
              btn-small
            </span>
            <span
              class="token tag attr-value punctuation"
              style="color: rgb(248, 248, 242);"
            >
              "
            </span>
            <span
              class="token tag punctuation"
              style="color: rgb(248, 248, 242);"
            >
              &gt;
            </span>
            <span
              class="token plain-text"
            />
            

          </div>
          <div
            class="token-line"
            style="color: rgb(248, 248, 242);"
          >
            <span
              class="token plain-text"
            >
                  
            </span>
            <span
              class="token tag punctuation"
              style="color: rgb(248, 248, 242);"
            >
              &lt;
            </span>
            <span
              class="token tag"
              style="color: rgb(255, 121, 198);"
            >
              span
            </span>
            <span
              class="token tag"
              style="color: rgb(255, 121, 198);"
            >
               
            </span>
            <span
              class="token tag attr-name"
              style="color: rgb(241, 250, 140);"
            >
              className
            </span>
            <span
              class="token tag attr-value punctuation attr-equals"
              style="color: rgb(248, 248, 242);"
            >
              =
            </span>
            <span
              class="token tag attr-value punctuation"
              style="color: rgb(248, 248, 242);"
            >
              "
            </span>
            <span
              class="token tag attr-value"
              style="color: rgb(255, 121, 198);"
            >
              af-btn__text
            </span>
            <span
              class="token tag attr-value punctuation"
              style="color: rgb(248, 248, 242);"
            >
              "
            </span>
            <span
              class="token tag punctuation"
              style="color: rgb(248, 248, 242);"
            >
              &gt;
            </span>
            <span
              class="token plain-text"
            >
              OK
            </span>
            <span
              class="token tag punctuation"
              style="color: rgb(248, 248, 242);"
            >
              &lt;/
            </span>
            <span
              class="token tag"
              style="color: rgb(255, 121, 198);"
            >
              span
            </span>
            <span
              class="token tag punctuation"
              style="color: rgb(248, 248, 242);"
            >
              &gt;
            </span>
            <span
              class="token plain-text"
            />
            

          </div>
          <div
            class="token-line"
            style="color: rgb(248, 248, 242);"
          >
            <span
              class="token plain-text"
            >
                
            </span>
            <span
              class="token tag punctuation"
              style="color: rgb(248, 248, 242);"
            >
              &lt;/
            </span>
            <span
              class="token tag class-name"
              style="color: rgb(255, 121, 198);"
            >
              Button
            </span>
            <span
              class="token tag punctuation"
              style="color: rgb(248, 248, 242);"
            >
              &gt;
            </span>
            <span
              class="token plain"
            />
            

          </div>
          <div
            class="token-line"
            style="color: rgb(248, 248, 242);"
          >
            

          </div>
        </pre>
      </div>
      <div
        style="padding: 2rem; border: 3px solid #ccc;"
      />
    </article>
    <article
      class="af-livecode"
    >
      <div
        style="font-size: 12px;"
      >
        <pre
          class="prism-code language-jsx"
          style="margin: 0px; outline: none; padding: 10px; font-family: inherit; white-space: pre-wrap; tab-size: 2;"
        >
          <div
            class="token-line"
            style="color: rgb(248, 248, 242);"
          >
            

          </div>
          <div
            class="token-line"
            style="color: rgb(248, 248, 242);"
          >
            <span
              class="token plain"
            >
                
            </span>
            <span
              class="token tag punctuation"
              style="color: rgb(248, 248, 242);"
            >
              &lt;
            </span>
            <span
              class="token tag class-name"
              style="color: rgb(255, 121, 198);"
            >
              Button
            </span>
            <span
              class="token tag"
              style="color: rgb(255, 121, 198);"
            >
               
            </span>
            <span
              class="token tag attr-name"
              style="color: rgb(241, 250, 140);"
            >
              classModifier
            </span>
            <span
              class="token tag attr-value punctuation attr-equals"
              style="color: rgb(248, 248, 242);"
            >
              =
            </span>
            <span
              class="token tag attr-value punctuation"
              style="color: rgb(248, 248, 242);"
            >
              "
            </span>
            <span
              class="token tag attr-value"
              style="color: rgb(255, 121, 198);"
            >
              hasiconRight
            </span>
            <span
              class="token tag attr-value punctuation"
              style="color: rgb(248, 248, 242);"
            >
              "
            </span>
            <span
              class="token tag"
              style="color: rgb(255, 121, 198);"
            >
               
            </span>
            <span
              class="token tag attr-name"
              style="color: rgb(241, 250, 140);"
            >
              type
            </span>
            <span
              class="token tag attr-value punctuation attr-equals"
              style="color: rgb(248, 248, 242);"
            >
              =
            </span>
            <span
              class="token tag attr-value punctuation"
              style="color: rgb(248, 248, 242);"
            >
              "
            </span>
            <span
              class="token tag attr-value"
              style="color: rgb(255, 121, 198);"
            >
              submit
            </span>
            <span
              class="token tag attr-value punctuation"
              style="color: rgb(248, 248, 242);"
            >
              "
            </span>
            <span
              class="token tag"
              style="color: rgb(255, 121, 198);"
            >
               
            </span>
            <span
              class="token tag attr-name"
              style="color: rgb(241, 250, 140);"
            >
              onClick
            </span>
            <span
              class="token tag script language-javascript script-punctuation punctuation"
              style="color: rgb(248, 248, 242);"
            >
              =
            </span>
            <span
              class="token tag script language-javascript punctuation"
              style="color: rgb(248, 248, 242);"
            >
              {
            </span>
            <span
              class="token tag script language-javascript parameter"
              style="color: rgb(255, 121, 198);"
            >
              e
            </span>
            <span
              class="token tag script language-javascript"
              style="color: rgb(255, 121, 198);"
            >
               
            </span>
            <span
              class="token tag script language-javascript operator"
              style="color: rgb(255, 121, 198);"
            >
              =&gt;
            </span>
            <span
              class="token tag script language-javascript"
              style="color: rgb(255, 121, 198);"
            >
               console
            </span>
            <span
              class="token tag script language-javascript punctuation"
              style="color: rgb(248, 248, 242);"
            >
              .
            </span>
            <span
              class="token tag script language-javascript function"
              style="color: rgb(80, 250, 123);"
            >
              log
            </span>
            <span
              class="token tag script language-javascript punctuation"
              style="color: rgb(248, 248, 242);"
            >
              (
            </span>
            <span
              class="token tag script language-javascript"
              style="color: rgb(255, 121, 198);"
            >
              e
            </span>
            <span
              class="token tag script language-javascript punctuation"
              style="color: rgb(248, 248, 242);"
            >
              )
            </span>
            <span
              class="token tag script language-javascript punctuation"
              style="color: rgb(248, 248, 242);"
            >
              }
            </span>
            <span
              class="token tag"
              style="color: rgb(255, 121, 198);"
            >
               
            </span>
            <span
              class="token tag attr-name"
              style="color: rgb(241, 250, 140);"
            >
              id
            </span>
            <span
              class="token tag attr-value punctuation attr-equals"
              style="color: rgb(248, 248, 242);"
            >
              =
            </span>
            <span
              class="token tag attr-value punctuation"
              style="color: rgb(248, 248, 242);"
            >
              "
            </span>
            <span
              class="token tag attr-value"
              style="color: rgb(255, 121, 198);"
            >
              btn-reverse-with-right-icon
            </span>
            <span
              class="token tag attr-value punctuation"
              style="color: rgb(248, 248, 242);"
            >
              "
            </span>
            <span
              class="token tag punctuation"
              style="color: rgb(248, 248, 242);"
            >
              &gt;
            </span>
            <span
              class="token plain-text"
            />
            

          </div>
          <div
            class="token-line"
            style="color: rgb(248, 248, 242);"
          >
            <span
              class="token plain-text"
            >
                  
            </span>
            <span
              class="token tag punctuation"
              style="color: rgb(248, 248, 242);"
            >
              &lt;
            </span>
            <span
              class="token tag"
              style="color: rgb(255, 121, 198);"
            >
              span
            </span>
            <span
              class="token tag"
              style="color: rgb(255, 121, 198);"
            >
               
            </span>
            <span
              class="token tag attr-name"
              style="color: rgb(241, 250, 140);"
            >
              className
            </span>
            <span
              class="token tag attr-value punctuation attr-equals"
              style="color: rgb(248, 248, 242);"
            >
              =
            </span>
            <span
              class="token tag attr-value punctuation"
              style="color: rgb(248, 248, 242);"
            >
              "
            </span>
            <span
              class="token tag attr-value"
              style="color: rgb(255, 121, 198);"
            >
              af-btn__text
            </span>
            <span
              class="token tag attr-value punctuation"
              style="color: rgb(248, 248, 242);"
            >
              "
            </span>
            <span
              class="token tag punctuation"
              style="color: rgb(248, 248, 242);"
            >
              &gt;
            </span>
            <span
              class="token plain-text"
            >
              With right icon button
            </span>
            <span
              class="token tag punctuation"
              style="color: rgb(248, 248, 242);"
            >
              &lt;/
            </span>
            <span
              class="token tag"
              style="color: rgb(255, 121, 198);"
            >
              span
            </span>
            <span
              class="token tag punctuation"
              style="color: rgb(248, 248, 242);"
            >
              &gt;
            </span>
            <span
              class="token plain-text"
            />
            

          </div>
          <div
            class="token-line"
            style="color: rgb(248, 248, 242);"
          >
            <span
              class="token plain-text"
            >
                  
            </span>
            <span
              class="token tag punctuation"
              style="color: rgb(248, 248, 242);"
            >
              &lt;
            </span>
            <span
              class="token tag"
              style="color: rgb(255, 121, 198);"
            >
              i
            </span>
            <span
              class="token tag"
              style="color: rgb(255, 121, 198);"
            >
               
            </span>
            <span
              class="token tag attr-name"
              style="color: rgb(241, 250, 140);"
            >
              className
            </span>
            <span
              class="token tag attr-value punctuation attr-equals"
              style="color: rgb(248, 248, 242);"
            >
              =
            </span>
            <span
              class="token tag attr-value punctuation"
              style="color: rgb(248, 248, 242);"
            >
              "
            </span>
            <span
              class="token tag attr-value"
              style="color: rgb(255, 121, 198);"
            >
              glyphicon glyphicon-arrowthin-right
            </span>
            <span
              class="token tag attr-value punctuation"
              style="color: rgb(248, 248, 242);"
            >
              "
            </span>
            <span
              class="token tag"
              style="color: rgb(255, 121, 198);"
            >
               
            </span>
            <span
              class="token tag punctuation"
              style="color: rgb(248, 248, 242);"
            >
              /&gt;
            </span>
            <span
              class="token plain-text"
            />
            

          </div>
          <div
            class="token-line"
            style="color: rgb(248, 248, 242);"
          >
            <span
              class="token plain-text"
            >
                
            </span>
            <span
              class="token tag punctuation"
              style="color: rgb(248, 248, 242);"
            >
              &lt;/
            </span>
            <span
              class="token tag class-name"
              style="color: rgb(255, 121, 198);"
            >
              Button
            </span>
            <span
              class="token tag punctuation"
              style="color: rgb(248, 248, 242);"
            >
              &gt;
            </span>
            <span
              class="token plain"
            />
            

          </div>
          <div
            class="token-line"
            style="color: rgb(248, 248, 242);"
          >
            

          </div>
        </pre>
      </div>
      <div
        style="padding: 2rem; border: 3px solid #ccc;"
      />
    </article>
    <article
      class="af-livecode"
    >
      <div
        style="font-size: 12px;"
      >
        <pre
          class="prism-code language-jsx"
          style="margin: 0px; outline: none; padding: 10px; font-family: inherit; white-space: pre-wrap; tab-size: 2;"
        >
          <div
            class="token-line"
            style="color: rgb(248, 248, 242);"
          >
            

          </div>
          <div
            class="token-line"
            style="color: rgb(248, 248, 242);"
          >
            <span
              class="token plain"
            >
                
            </span>
            <span
              class="token tag punctuation"
              style="color: rgb(248, 248, 242);"
            >
              &lt;
            </span>
            <span
              class="token tag class-name"
              style="color: rgb(255, 121, 198);"
            >
              Button
            </span>
            <span
              class="token tag"
              style="color: rgb(255, 121, 198);"
            >
               
            </span>
            <span
              class="token tag attr-name"
              style="color: rgb(241, 250, 140);"
            >
              classModifier
            </span>
            <span
              class="token tag attr-value punctuation attr-equals"
              style="color: rgb(248, 248, 242);"
            >
              =
            </span>
            <span
              class="token tag attr-value punctuation"
              style="color: rgb(248, 248, 242);"
            >
              "
            </span>
            <span
              class="token tag attr-value"
              style="color: rgb(255, 121, 198);"
            >
              hasiconLeft
            </span>
            <span
              class="token tag attr-value punctuation"
              style="color: rgb(248, 248, 242);"
            >
              "
            </span>
            <span
              class="token tag"
              style="color: rgb(255, 121, 198);"
            >
               
            </span>
            <span
              class="token tag attr-name"
              style="color: rgb(241, 250, 140);"
            >
              type
            </span>
            <span
              class="token tag attr-value punctuation attr-equals"
              style="color: rgb(248, 248, 242);"
            >
              =
            </span>
            <span
              class="token tag attr-value punctuation"
              style="color: rgb(248, 248, 242);"
            >
              "
            </span>
            <span
              class="token tag attr-value"
              style="color: rgb(255, 121, 198);"
            >
              submit
            </span>
            <span
              class="token tag attr-value punctuation"
              style="color: rgb(248, 248, 242);"
            >
              "
            </span>
            <span
              class="token tag"
              style="color: rgb(255, 121, 198);"
            >
               
            </span>
            <span
              class="token tag attr-name"
              style="color: rgb(241, 250, 140);"
            >
              onClick
            </span>
            <span
              class="token tag script language-javascript script-punctuation punctuation"
              style="color: rgb(248, 248, 242);"
            >
              =
            </span>
            <span
              class="token tag script language-javascript punctuation"
              style="color: rgb(248, 248, 242);"
            >
              {
            </span>
            <span
              class="token tag script language-javascript parameter"
              style="color: rgb(255, 121, 198);"
            >
              e
            </span>
            <span
              class="token tag script language-javascript"
              style="color: rgb(255, 121, 198);"
            >
               
            </span>
            <span
              class="token tag script language-javascript operator"
              style="color: rgb(255, 121, 198);"
            >
              =&gt;
            </span>
            <span
              class="token tag script language-javascript"
              style="color: rgb(255, 121, 198);"
            >
               console
            </span>
            <span
              class="token tag script language-javascript punctuation"
              style="color: rgb(248, 248, 242);"
            >
              .
            </span>
            <span
              class="token tag script language-javascript function"
              style="color: rgb(80, 250, 123);"
            >
              log
            </span>
            <span
              class="token tag script language-javascript punctuation"
              style="color: rgb(248, 248, 242);"
            >
              (
            </span>
            <span
              class="token tag script language-javascript"
              style="color: rgb(255, 121, 198);"
            >
              e
            </span>
            <span
              class="token tag script language-javascript punctuation"
              style="color: rgb(248, 248, 242);"
            >
              )
            </span>
            <span
              class="token tag script language-javascript punctuation"
              style="color: rgb(248, 248, 242);"
            >
              }
            </span>
            <span
              class="token tag"
              style="color: rgb(255, 121, 198);"
            >
               
            </span>
            <span
              class="token tag attr-name"
              style="color: rgb(241, 250, 140);"
            >
              id
            </span>
            <span
              class="token tag attr-value punctuation attr-equals"
              style="color: rgb(248, 248, 242);"
            >
              =
            </span>
            <span
              class="token tag attr-value punctuation"
              style="color: rgb(248, 248, 242);"
            >
              "
            </span>
            <span
              class="token tag attr-value"
              style="color: rgb(255, 121, 198);"
            >
              btn-reverse-with-left-icon
            </span>
            <span
              class="token tag attr-value punctuation"
              style="color: rgb(248, 248, 242);"
            >
              "
            </span>
            <span
              class="token tag punctuation"
              style="color: rgb(248, 248, 242);"
            >
              &gt;
            </span>
            <span
              class="token plain-text"
            />
            

          </div>
          <div
            class="token-line"
            style="color: rgb(248, 248, 242);"
          >
            <span
              class="token plain-text"
            >
                  
            </span>
            <span
              class="token tag punctuation"
              style="color: rgb(248, 248, 242);"
            >
              &lt;
            </span>
            <span
              class="token tag"
              style="color: rgb(255, 121, 198);"
            >
              i
            </span>
            <span
              class="token tag"
              style="color: rgb(255, 121, 198);"
            >
               
            </span>
            <span
              class="token tag attr-name"
              style="color: rgb(241, 250, 140);"
            >
              className
            </span>
            <span
              class="token tag attr-value punctuation attr-equals"
              style="color: rgb(248, 248, 242);"
            >
              =
            </span>
            <span
              class="token tag attr-value punctuation"
              style="color: rgb(248, 248, 242);"
            >
              "
            </span>
            <span
              class="token tag attr-value"
              style="color: rgb(255, 121, 198);"
            >
              glyphicon glyphicon-arrowthin-left
            </span>
            <span
              class="token tag attr-value punctuation"
              style="color: rgb(248, 248, 242);"
            >
              "
            </span>
            <span
              class="token tag"
              style="color: rgb(255, 121, 198);"
            >
               
            </span>
            <span
              class="token tag punctuation"
              style="color: rgb(248, 248, 242);"
            >
              /&gt;
            </span>
            <span
              class="token plain-text"
            />
            

          </div>
          <div
            class="token-line"
            style="color: rgb(248, 248, 242);"
          >
            <span
              class="token plain-text"
            >
                  
            </span>
            <span
              class="token tag punctuation"
              style="color: rgb(248, 248, 242);"
            >
              &lt;
            </span>
            <span
              class="token tag"
              style="color: rgb(255, 121, 198);"
            >
              span
            </span>
            <span
              class="token tag"
              style="color: rgb(255, 121, 198);"
            >
               
            </span>
            <span
              class="token tag attr-name"
              style="color: rgb(241, 250, 140);"
            >
              className
            </span>
            <span
              class="token tag attr-value punctuation attr-equals"
              style="color: rgb(248, 248, 242);"
            >
              =
            </span>
            <span
              class="token tag attr-value punctuation"
              style="color: rgb(248, 248, 242);"
            >
              "
            </span>
            <span
              class="token tag attr-value"
              style="color: rgb(255, 121, 198);"
            >
              af-btn__text
            </span>
            <span
              class="token tag attr-value punctuation"
              style="color: rgb(248, 248, 242);"
            >
              "
            </span>
            <span
              class="token tag punctuation"
              style="color: rgb(248, 248, 242);"
            >
              &gt;
            </span>
            <span
              class="token plain-text"
            >
              With left icon button
            </span>
            <span
              class="token tag punctuation"
              style="color: rgb(248, 248, 242);"
            >
              &lt;/
            </span>
            <span
              class="token tag"
              style="color: rgb(255, 121, 198);"
            >
              span
            </span>
            <span
              class="token tag punctuation"
              style="color: rgb(248, 248, 242);"
            >
              &gt;
            </span>
            <span
              class="token plain-text"
            />
            

          </div>
          <div
            class="token-line"
            style="color: rgb(248, 248, 242);"
          >
            <span
              class="token plain-text"
            >
                
            </span>
            <span
              class="token tag punctuation"
              style="color: rgb(248, 248, 242);"
            >
              &lt;/
            </span>
            <span
              class="token tag class-name"
              style="color: rgb(255, 121, 198);"
            >
              Button
            </span>
            <span
              class="token tag punctuation"
              style="color: rgb(248, 248, 242);"
            >
              &gt;
            </span>
            <span
              class="token plain"
            />
            

          </div>
          <div
            class="token-line"
            style="color: rgb(248, 248, 242);"
          >
            

          </div>
        </pre>
      </div>
      <div
        style="padding: 2rem; border: 3px solid #ccc;"
      />
    </article>
    <article
      class="af-livecode"
    >
      <div
        style="font-size: 12px;"
      >
        <pre
          class="prism-code language-jsx"
          style="margin: 0px; outline: none; padding: 10px; font-family: inherit; white-space: pre-wrap; tab-size: 2;"
        >
          <div
            class="token-line"
            style="color: rgb(248, 248, 242);"
          >
            

          </div>
          <div
            class="token-line"
            style="color: rgb(248, 248, 242);"
          >
            <span
              class="token plain"
            >
                
            </span>
            <span
              class="token tag punctuation"
              style="color: rgb(248, 248, 242);"
            >
              &lt;
            </span>
            <span
              class="token tag class-name"
              style="color: rgb(255, 121, 198);"
            >
              Button
            </span>
            <span
              class="token tag"
              style="color: rgb(255, 121, 198);"
            >
               
            </span>
            <span
              class="token tag attr-name"
              style="color: rgb(241, 250, 140);"
            >
              className
            </span>
            <span
              class="token tag attr-value punctuation attr-equals"
              style="color: rgb(248, 248, 242);"
            >
              =
            </span>
            <span
              class="token tag attr-value punctuation"
              style="color: rgb(248, 248, 242);"
            >
              "
            </span>
            <span
              class="token tag attr-value"
              style="color: rgb(255, 121, 198);"
            >
              af-btn--circle
            </span>
            <span
              class="token tag attr-value punctuation"
              style="color: rgb(248, 248, 242);"
            >
              "
            </span>
            <span
              class="token tag"
              style="color: rgb(255, 121, 198);"
            >
               
            </span>
            <span
              class="token tag attr-name"
              style="color: rgb(241, 250, 140);"
            >
              type
            </span>
            <span
              class="token tag attr-value punctuation attr-equals"
              style="color: rgb(248, 248, 242);"
            >
              =
            </span>
            <span
              class="token tag attr-value punctuation"
              style="color: rgb(248, 248, 242);"
            >
              "
            </span>
            <span
              class="token tag attr-value"
              style="color: rgb(255, 121, 198);"
            >
              submit
            </span>
            <span
              class="token tag attr-value punctuation"
              style="color: rgb(248, 248, 242);"
            >
              "
            </span>
            <span
              class="token tag"
              style="color: rgb(255, 121, 198);"
            >
               
            </span>
            <span
              class="token tag attr-name"
              style="color: rgb(241, 250, 140);"
            >
              onClick
            </span>
            <span
              class="token tag script language-javascript script-punctuation punctuation"
              style="color: rgb(248, 248, 242);"
            >
              =
            </span>
            <span
              class="token tag script language-javascript punctuation"
              style="color: rgb(248, 248, 242);"
            >
              {
            </span>
            <span
              class="token tag script language-javascript parameter"
              style="color: rgb(255, 121, 198);"
            >
              e
            </span>
            <span
              class="token tag script language-javascript"
              style="color: rgb(255, 121, 198);"
            >
               
            </span>
            <span
              class="token tag script language-javascript operator"
              style="color: rgb(255, 121, 198);"
            >
              =&gt;
            </span>
            <span
              class="token tag script language-javascript"
              style="color: rgb(255, 121, 198);"
            >
               console
            </span>
            <span
              class="token tag script language-javascript punctuation"
              style="color: rgb(248, 248, 242);"
            >
              .
            </span>
            <span
              class="token tag script language-javascript function"
              style="color: rgb(80, 250, 123);"
            >
              log
            </span>
            <span
              class="token tag script language-javascript punctuation"
              style="color: rgb(248, 248, 242);"
            >
              (
            </span>
            <span
              class="token tag script language-javascript"
              style="color: rgb(255, 121, 198);"
            >
              e
            </span>
            <span
              class="token tag script language-javascript punctuation"
              style="color: rgb(248, 248, 242);"
            >
              )
            </span>
            <span
              class="token tag script language-javascript punctuation"
              style="color: rgb(248, 248, 242);"
            >
              }
            </span>
            <span
              class="token tag"
              style="color: rgb(255, 121, 198);"
            >
               
            </span>
            <span
              class="token tag attr-name"
              style="color: rgb(241, 250, 140);"
            >
              id
            </span>
            <span
              class="token tag attr-value punctuation attr-equals"
              style="color: rgb(248, 248, 242);"
            >
              =
            </span>
            <span
              class="token tag attr-value punctuation"
              style="color: rgb(248, 248, 242);"
            >
              "
            </span>
            <span
              class="token tag attr-value"
              style="color: rgb(255, 121, 198);"
            >
              btn-circle
            </span>
            <span
              class="token tag attr-value punctuation"
              style="color: rgb(248, 248, 242);"
            >
              "
            </span>
            <span
              class="token tag punctuation"
              style="color: rgb(248, 248, 242);"
            >
              &gt;
            </span>
            <span
              class="token plain-text"
            />
            

          </div>
          <div
            class="token-line"
            style="color: rgb(248, 248, 242);"
          >
            <span
              class="token plain-text"
            >
                  
            </span>
            <span
              class="token tag punctuation"
              style="color: rgb(248, 248, 242);"
            >
              &lt;
            </span>
            <span
              class="token tag"
              style="color: rgb(255, 121, 198);"
            >
              i
            </span>
            <span
              class="token tag"
              style="color: rgb(255, 121, 198);"
            >
               
            </span>
            <span
              class="token tag attr-name"
              style="color: rgb(241, 250, 140);"
            >
              className
            </span>
            <span
              class="token tag attr-value punctuation attr-equals"
              style="color: rgb(248, 248, 242);"
            >
              =
            </span>
            <span
              class="token tag attr-value punctuation"
              style="color: rgb(248, 248, 242);"
            >
              "
            </span>
            <span
              class="token tag attr-value"
              style="color: rgb(255, 121, 198);"
            >
              glyphicon glyphicon-floppy-disk
            </span>
            <span
              class="token tag attr-value punctuation"
              style="color: rgb(248, 248, 242);"
            >
              "
            </span>
            <span
              class="token tag"
              style="color: rgb(255, 121, 198);"
            >
               
            </span>
            <span
              class="token tag punctuation"
              style="color: rgb(248, 248, 242);"
            >
              /&gt;
            </span>
            <span
              class="token plain-text"
            />
            

          </div>
          <div
            class="token-line"
            style="color: rgb(248, 248, 242);"
          >
            <span
              class="token plain-text"
            >
                
            </span>
            <span
              class="token tag punctuation"
              style="color: rgb(248, 248, 242);"
            >
              &lt;/
            </span>
            <span
              class="token tag class-name"
              style="color: rgb(255, 121, 198);"
            >
              Button
            </span>
            <span
              class="token tag punctuation"
              style="color: rgb(248, 248, 242);"
            >
              &gt;
            </span>
            <span
              class="token plain"
            />
            

          </div>
          <div
            class="token-line"
            style="color: rgb(248, 248, 242);"
          >
            

          </div>
        </pre>
      </div>
      <div
        style="padding: 2rem; border: 3px solid #ccc;"
      />
    </article>
  </div>
</DocumentFragment>
`;
