// Jest Snapshot v1, https://goo.gl/fbAQLP

exports[`<ModalPage/> Should render ModalPage 1`] = `
<DocumentFragment>
  <div
    class="af-header"
  >
    <div
      class="container af-header__wrapper"
    >
      <header
        class="af-header__content"
        role="banner"
      >
        <div
          class="af-header__name af-header__name--slash"
        >
          <a
            class="af-logo"
            href="/"
          >
            <img
              alt="Toolkit React Starter"
              class="af-logo__brand"
              src="slash-logo.svg"
            />
          </a>
          <h2
            class="af-header__title"
          >
            Toolkit React Starter
            <span
              class="af-header__subtitle"
            >
              by Slash Design System
            </span>
          </h2>
        </div>
        <div
          class="af-info-user"
        >
          <a
            class="af-info-user__link"
            href="#"
            title="Voir mon profil"
          >
            <span
              class="af-info-user__name"
            />
          </a>
        </div>
      </header>
    </div>
  </div>
  <div
    class="af-nav-container"
  >
    <button
      aria-controls="mainmenu"
      aria-haspopup="true"
      class="mask fade "
      id="togglemenu"
      type="button"
    />
    <nav
      aria-label="Menu principal"
      class="af-nav af-drawer left "
      role="navigation"
    >
      <div
        class="container af-nav__wrapper"
      >
        <div
          class="af-nav__aside-header"
        >
          <h4
            class="af-nav__aside-title"
          >
            Menu
          </h4>
          <button
            aria-controls="mainmenu"
            aria-haspopup="true"
            class="af-nav__aside-close"
            id="togglemenu"
            type="button"
          >
            ×
          </button>
        </div>
        <ul
          aria-labelledby="togglemenu"
          class="af-nav__list "
          id="mainmenu"
          role="menubar"
        >
          <li
            class="af-nav__item af-nav__item--active "
            role="none"
          >
            <a
              aria-expanded="false"
              aria-haspopup="true"
              aria-label="Accueil"
              class="af-nav__link"
              href="/"
              role="menuitem"
              tabindex="0"
            >
              Accueil
            </a>
          </li>
          <li
            class="af-nav__item af-nav__item--haschild "
            role="none"
          >
            <a
              aria-expanded="false"
              aria-haspopup="true"
              aria-label="Démos"
              class="af-nav__link"
              href="/demos"
              role="menuitem"
              tabindex="-1"
            >
              Démos
            </a>
            <i
              class="glyphicon glyphicon-arrow-xs-down"
            />
            <ul
              aria-label=""
              class="af-nav__list af-nav__list--children"
              role="menu"
            >
              <li
                class="af-nav__item af-nav__item--separator "
                role="none"
              >
                <span
                  aria-expanded="false"
                  class="af-nav__link"
                  role="menuitem"
                  tabindex="-1"
                >
                  Pages
                </span>
              </li>
              <li
                class="af-nav__item "
                role="none"
              >
                <a
                  aria-expanded="false"
                  aria-haspopup="true"
                  aria-label="Membres"
                  class="af-nav__link"
                  href="/demos/members"
                  role="menuitem"
                  tabindex="-1"
                >
                  Membres
                </a>
              </li>
              <li
                class="af-nav__item "
                role="none"
              >
                <a
                  aria-expanded="false"
                  aria-haspopup="true"
                  aria-label="Rechercher"
                  class="af-nav__link"
                  href="/demos/search-members"
                  role="menuitem"
                  tabindex="-1"
                >
                  Rechercher
                </a>
              </li>
              <li
                class="af-nav__item "
                role="none"
              >
                <a
                  aria-expanded="false"
                  aria-haspopup="true"
                  aria-label="Modal"
                  class="af-nav__link"
                  href="/demos/modal"
                  role="menuitem"
                  tabindex="-1"
                >
                  Modal
                </a>
              </li>
              <li
                class="af-nav__item "
                role="none"
              >
                <a
                  aria-expanded="false"
                  aria-haspopup="true"
                  aria-label="Notification"
                  class="af-nav__link"
                  href="/demos/notification"
                  role="menuitem"
                  tabindex="-1"
                >
                  Notification
                </a>
              </li>
              <li
                class="af-nav__item "
                role="none"
              >
                <a
                  aria-expanded="false"
                  aria-haspopup="true"
                  aria-label="Layout"
                  class="af-nav__link"
                  href="/demos/layout"
                  role="menuitem"
                  tabindex="-1"
                >
                  Layout
                </a>
              </li>
              <li
                class="af-nav__item af-nav__item--separator "
                role="none"
              >
                <span
                  aria-expanded="false"
                  class="af-nav__link"
                  role="menuitem"
                  tabindex="-1"
                >
                  Composants Toolkit
                </span>
              </li>
              <li
                class="af-nav__item "
                role="none"
              >
                <a
                  aria-expanded="false"
                  aria-haspopup="true"
                  aria-label="Button"
                  class="af-nav__link"
                  href="/demos/button"
                  role="menuitem"
                  tabindex="-1"
                >
                  Button
                </a>
              </li>
            </ul>
          </li>
          <li
            class="af-nav__item af-nav__item--haschild "
            role="none"
          >
            <span
              aria-expanded="false"
              class="af-nav__link"
              role="menuitem"
              tabindex="-1"
            >
              Pages
            </span>
            <i
              class="glyphicon glyphicon-arrow-xs-down"
            />
            <ul
              aria-label=""
              class="af-nav__list af-nav__list--children"
              role="menu"
            >
              <li
                class="af-nav__item "
                role="none"
              >
                <a
                  aria-expanded="false"
                  aria-haspopup="true"
                  aria-label="Not found"
                  class="af-nav__link"
                  href="/notfound"
                  role="menuitem"
                  tabindex="-1"
                >
                  Not found
                </a>
              </li>
              <li
                class="af-nav__item "
                role="none"
              >
                <a
                  aria-expanded="false"
                  aria-haspopup="true"
                  aria-label="Forbidden"
                  class="af-nav__link"
                  href="/forbidden"
                  role="menuitem"
                  tabindex="-1"
                >
                  Forbidden
                </a>
              </li>
            </ul>
          </li>
        </ul>
      </div>
    </nav>
  </div>
  <a
    aria-controls="mainmenu"
    aria-haspopup="true"
    class="btn af-title-bar__mobile-menu af-btn--circle"
    href="#"
    id="togglemenu"
    role="button"
    tabindex="0"
    title="Toggle menu"
  >
    <i
      class="glyphicon glyphicon-menu-hamburger"
    />
  </a>
  <div
    class="af-title-bar"
  >
    <div
      class="container af-title-bar__wrapper"
    >
      <h1
        class="af-title-bar__title"
      >
        Demo modal
      </h1>
    </div>
  </div>
  <main
    class="container af-main"
  >
    <h1
      class="af-title--content"
    >
      Example
    </h1>
    <a
      class="af-link af-link--hasIconRight"
      href="https://codesandbox.io/embed/modal-default-l6sq5"
      rel="nofollow noreferrer noopener"
      target="blank"
    >
      <span
        class="af-link__text"
      >
        CodeSandBox
      </span>
      <i
        class="glyphicon glyphicon-new-window"
      />
    </a>
    <article
      class="af-livecode"
    >
      <div
        style="background: white; padding: 2rem; place-self: center;"
      >
        <button
          class="btn af-btn"
          type="submit"
        >
          <span
            class="af-btn__text"
          >
            Click me to launch modal
          </span>
        </button>
      </div>
      <pre
        class="prism-code language-jsx"
        style="color: rgb(248, 248, 242); background-color: rgb(40, 42, 54); font-size: 0.8rem;"
      >
        <div
          class="token-line"
          style="color: rgb(248, 248, 242);"
        >
          <span
            class="token plain"
            style="display: inline-block;"
          >
            

          </span>
        </div>
        <div
          class="token-line"
          style="color: rgb(248, 248, 242);"
        >
          <span
            class="token plain"
          />
          <span
            class="token tag punctuation"
            style="color: rgb(248, 248, 242);"
          >
            &lt;
          </span>
          <span
            class="token tag punctuation"
            style="color: rgb(248, 248, 242);"
          >
            &gt;
          </span>
          <span
            class="token plain-text"
          />
        </div>
        <div
          class="token-line"
          style="color: rgb(248, 248, 242);"
        >
          <span
            class="token plain-text"
          >
              
          </span>
          <span
            class="token tag punctuation"
            style="color: rgb(248, 248, 242);"
          >
            &lt;
          </span>
          <span
            class="token tag class-name"
            style="color: rgb(255, 121, 198);"
          >
            Button
          </span>
          <span
            class="token tag"
            style="color: rgb(255, 121, 198);"
          >
             
          </span>
          <span
            class="token tag attr-name"
            style="color: rgb(241, 250, 140);"
          >
            type
          </span>
          <span
            class="token tag attr-value punctuation attr-equals"
            style="color: rgb(248, 248, 242);"
          >
            =
          </span>
          <span
            class="token tag attr-value punctuation"
            style="color: rgb(248, 248, 242);"
          >
            "
          </span>
          <span
            class="token tag attr-value"
            style="color: rgb(255, 121, 198);"
          >
            submit
          </span>
          <span
            class="token tag attr-value punctuation"
            style="color: rgb(248, 248, 242);"
          >
            "
          </span>
          <span
            class="token tag"
            style="color: rgb(255, 121, 198);"
          >
             
          </span>
          <span
            class="token tag attr-name"
            style="color: rgb(241, 250, 140);"
          >
            onClick
          </span>
          <span
            class="token tag script language-javascript script-punctuation punctuation"
            style="color: rgb(248, 248, 242);"
          >
            =
          </span>
          <span
            class="token tag script language-javascript punctuation"
            style="color: rgb(248, 248, 242);"
          >
            {
          </span>
          <span
            class="token tag script language-javascript"
            style="color: rgb(255, 121, 198);"
          >
            openModal
          </span>
          <span
            class="token tag script language-javascript punctuation"
            style="color: rgb(248, 248, 242);"
          >
            }
          </span>
          <span
            class="token tag punctuation"
            style="color: rgb(248, 248, 242);"
          >
            &gt;
          </span>
          <span
            class="token plain-text"
          />
        </div>
        <div
          class="token-line"
          style="color: rgb(248, 248, 242);"
        >
          <span
            class="token plain-text"
          >
                
          </span>
          <span
            class="token tag punctuation"
            style="color: rgb(248, 248, 242);"
          >
            &lt;
          </span>
          <span
            class="token tag"
            style="color: rgb(255, 121, 198);"
          >
            span
          </span>
          <span
            class="token tag"
            style="color: rgb(255, 121, 198);"
          >
             
          </span>
          <span
            class="token tag attr-name"
            style="color: rgb(241, 250, 140);"
          >
            className
          </span>
          <span
            class="token tag attr-value punctuation attr-equals"
            style="color: rgb(248, 248, 242);"
          >
            =
          </span>
          <span
            class="token tag attr-value punctuation"
            style="color: rgb(248, 248, 242);"
          >
            "
          </span>
          <span
            class="token tag attr-value"
            style="color: rgb(255, 121, 198);"
          >
            af-btn__text
          </span>
          <span
            class="token tag attr-value punctuation"
            style="color: rgb(248, 248, 242);"
          >
            "
          </span>
          <span
            class="token tag punctuation"
            style="color: rgb(248, 248, 242);"
          >
            &gt;
          </span>
          <span
            class="token plain-text"
          >
            Click me to launch modal
          </span>
          <span
            class="token tag punctuation"
            style="color: rgb(248, 248, 242);"
          >
            &lt;/
          </span>
          <span
            class="token tag"
            style="color: rgb(255, 121, 198);"
          >
            span
          </span>
          <span
            class="token tag punctuation"
            style="color: rgb(248, 248, 242);"
          >
            &gt;
          </span>
          <span
            class="token plain-text"
          />
        </div>
        <div
          class="token-line"
          style="color: rgb(248, 248, 242);"
        >
          <span
            class="token plain-text"
          >
              
          </span>
          <span
            class="token tag punctuation"
            style="color: rgb(248, 248, 242);"
          >
            &lt;/
          </span>
          <span
            class="token tag class-name"
            style="color: rgb(255, 121, 198);"
          >
            Button
          </span>
          <span
            class="token tag punctuation"
            style="color: rgb(248, 248, 242);"
          >
            &gt;
          </span>
          <span
            class="token plain-text"
          />
        </div>
        <div
          class="token-line"
          style="color: rgb(248, 248, 242);"
        >
          <span
            class="token plain-text"
          >
              
          </span>
          <span
            class="token tag punctuation"
            style="color: rgb(248, 248, 242);"
          >
            &lt;
          </span>
          <span
            class="token tag class-name"
            style="color: rgb(255, 121, 198);"
          >
            Modal
          </span>
          <span
            class="token tag"
            style="color: rgb(255, 121, 198);"
          >
             
          </span>
          <span
            class="token tag attr-name"
            style="color: rgb(241, 250, 140);"
          >
            isOpen
          </span>
          <span
            class="token tag script language-javascript script-punctuation punctuation"
            style="color: rgb(248, 248, 242);"
          >
            =
          </span>
          <span
            class="token tag script language-javascript punctuation"
            style="color: rgb(248, 248, 242);"
          >
            {
          </span>
          <span
            class="token tag script language-javascript"
            style="color: rgb(255, 121, 198);"
          >
            isOpen
          </span>
          <span
            class="token tag script language-javascript punctuation"
            style="color: rgb(248, 248, 242);"
          >
            }
          </span>
          <span
            class="token tag"
            style="color: rgb(255, 121, 198);"
          >
             
          </span>
          <span
            class="token tag attr-name"
            style="color: rgb(241, 250, 140);"
          >
            onOutsideTap
          </span>
          <span
            class="token tag script language-javascript script-punctuation punctuation"
            style="color: rgb(248, 248, 242);"
          >
            =
          </span>
          <span
            class="token tag script language-javascript punctuation"
            style="color: rgb(248, 248, 242);"
          >
            {
          </span>
          <span
            class="token tag script language-javascript"
            style="color: rgb(255, 121, 198);"
          >
            onCancel
          </span>
          <span
            class="token tag script language-javascript punctuation"
            style="color: rgb(248, 248, 242);"
          >
            }
          </span>
          <span
            class="token tag"
            style="color: rgb(255, 121, 198);"
          >
             
          </span>
          <span
            class="token tag attr-name"
            style="color: rgb(241, 250, 140);"
          >
            classModifier
          </span>
          <span
            class="token tag script language-javascript script-punctuation punctuation"
            style="color: rgb(248, 248, 242);"
          >
            =
          </span>
          <span
            class="token tag script language-javascript punctuation"
            style="color: rgb(248, 248, 242);"
          >
            {
          </span>
          <span
            class="token tag script language-javascript"
            style="color: rgb(255, 121, 198);"
          >
            classModifier
          </span>
          <span
            class="token tag script language-javascript punctuation"
            style="color: rgb(248, 248, 242);"
          >
            }
          </span>
          <span
            class="token tag punctuation"
            style="color: rgb(248, 248, 242);"
          >
            &gt;
          </span>
          <span
            class="token plain-text"
          />
        </div>
        <div
          class="token-line"
          style="color: rgb(248, 248, 242);"
        >
          <span
            class="token plain-text"
          >
                
          </span>
          <span
            class="token tag punctuation"
            style="color: rgb(248, 248, 242);"
          >
            &lt;
          </span>
          <span
            class="token tag class-name"
            style="color: rgb(255, 121, 198);"
          >
            ModalCommonHeader
          </span>
          <span
            class="token tag"
            style="color: rgb(255, 121, 198);"
          >
             
          </span>
          <span
            class="token tag attr-name"
            style="color: rgb(241, 250, 140);"
          >
            onCancel
          </span>
          <span
            class="token tag script language-javascript script-punctuation punctuation"
            style="color: rgb(248, 248, 242);"
          >
            =
          </span>
          <span
            class="token tag script language-javascript punctuation"
            style="color: rgb(248, 248, 242);"
          >
            {
          </span>
          <span
            class="token tag script language-javascript"
            style="color: rgb(255, 121, 198);"
          >
            onCancel
          </span>
          <span
            class="token tag script language-javascript punctuation"
            style="color: rgb(248, 248, 242);"
          >
            }
          </span>
          <span
            class="token tag"
            style="color: rgb(255, 121, 198);"
          >
             
          </span>
          <span
            class="token tag attr-name"
            style="color: rgb(241, 250, 140);"
          >
            title
          </span>
          <span
            class="token tag attr-value punctuation attr-equals"
            style="color: rgb(248, 248, 242);"
          >
            =
          </span>
          <span
            class="token tag attr-value punctuation"
            style="color: rgb(248, 248, 242);"
          >
            "
          </span>
          <span
            class="token tag attr-value"
            style="color: rgb(255, 121, 198);"
          >
            Validation des informations générales
          </span>
          <span
            class="token tag attr-value punctuation"
            style="color: rgb(248, 248, 242);"
          >
            "
          </span>
          <span
            class="token tag"
            style="color: rgb(255, 121, 198);"
          >
             
          </span>
          <span
            class="token tag punctuation"
            style="color: rgb(248, 248, 242);"
          >
            /&gt;
          </span>
          <span
            class="token plain-text"
          />
        </div>
        <div
          class="token-line"
          style="color: rgb(248, 248, 242);"
        >
          <span
            class="token plain-text"
          >
                
          </span>
          <span
            class="token tag punctuation"
            style="color: rgb(248, 248, 242);"
          >
            &lt;
          </span>
          <span
            class="token tag class-name"
            style="color: rgb(255, 121, 198);"
          >
            ModalCommonBody
          </span>
          <span
            class="token tag punctuation"
            style="color: rgb(248, 248, 242);"
          >
            &gt;
          </span>
          <span
            class="token plain-text"
          />
        </div>
        <div
          class="token-line"
          style="color: rgb(248, 248, 242);"
        >
          <span
            class="token plain-text"
          >
                  
          </span>
          <span
            class="token tag punctuation"
            style="color: rgb(248, 248, 242);"
          >
            &lt;
          </span>
          <span
            class="token tag class-name"
            style="color: rgb(255, 121, 198);"
          >
            Alert
          </span>
          <span
            class="token tag"
            style="color: rgb(255, 121, 198);"
          >
             
          </span>
          <span
            class="token tag attr-name"
            style="color: rgb(241, 250, 140);"
          >
            classModifier
          </span>
          <span
            class="token tag attr-value punctuation attr-equals"
            style="color: rgb(248, 248, 242);"
          >
            =
          </span>
          <span
            class="token tag attr-value punctuation"
            style="color: rgb(248, 248, 242);"
          >
            "
          </span>
          <span
            class="token tag attr-value"
            style="color: rgb(255, 121, 198);"
          >
            info
          </span>
          <span
            class="token tag attr-value punctuation"
            style="color: rgb(248, 248, 242);"
          >
            "
          </span>
          <span
            class="token tag"
            style="color: rgb(255, 121, 198);"
          >
             
          </span>
          <span
            class="token tag attr-name"
            style="color: rgb(241, 250, 140);"
          >
            icon
          </span>
          <span
            class="token tag attr-value punctuation attr-equals"
            style="color: rgb(248, 248, 242);"
          >
            =
          </span>
          <span
            class="token tag attr-value punctuation"
            style="color: rgb(248, 248, 242);"
          >
            "
          </span>
          <span
            class="token tag attr-value"
            style="color: rgb(255, 121, 198);"
          >
            info-sign
          </span>
          <span
            class="token tag attr-value punctuation"
            style="color: rgb(248, 248, 242);"
          >
            "
          </span>
          <span
            class="token tag"
            style="color: rgb(255, 121, 198);"
          >
             
          </span>
          <span
            class="token tag attr-name"
            style="color: rgb(241, 250, 140);"
          >
            title
          </span>
          <span
            class="token tag attr-value punctuation attr-equals"
            style="color: rgb(248, 248, 242);"
          >
            =
          </span>
          <span
            class="token tag attr-value punctuation"
            style="color: rgb(248, 248, 242);"
          >
            "
          </span>
          <span
            class="token tag attr-value"
            style="color: rgb(255, 121, 198);"
          >
            Vous allez créer un nouvel élément.
          </span>
          <span
            class="token tag attr-value punctuation"
            style="color: rgb(248, 248, 242);"
          >
            "
          </span>
          <span
            class="token tag"
            style="color: rgb(255, 121, 198);"
          >
             
          </span>
          <span
            class="token tag punctuation"
            style="color: rgb(248, 248, 242);"
          >
            /&gt;
          </span>
          <span
            class="token plain-text"
          />
        </div>
        <div
          class="token-line"
          style="color: rgb(248, 248, 242);"
        >
          <span
            class="token plain-text"
          >
                  
          </span>
          <span
            class="token tag punctuation"
            style="color: rgb(248, 248, 242);"
          >
            &lt;
          </span>
          <span
            class="token tag"
            style="color: rgb(255, 121, 198);"
          >
            p
          </span>
          <span
            class="token tag punctuation"
            style="color: rgb(248, 248, 242);"
          >
            &gt;
          </span>
          <span
            class="token plain-text"
          >
            Confirmez-vous vouloir valider avec les informations suivantes ?
          </span>
          <span
            class="token tag punctuation"
            style="color: rgb(248, 248, 242);"
          >
            &lt;/
          </span>
          <span
            class="token tag"
            style="color: rgb(255, 121, 198);"
          >
            p
          </span>
          <span
            class="token tag punctuation"
            style="color: rgb(248, 248, 242);"
          >
            &gt;
          </span>
          <span
            class="token plain-text"
          >
                  
          </span>
        </div>
        <div
          class="token-line"
          style="color: rgb(248, 248, 242);"
        >
          <span
            class="token plain-text"
          >
                
          </span>
          <span
            class="token tag punctuation"
            style="color: rgb(248, 248, 242);"
          >
            &lt;/
          </span>
          <span
            class="token tag class-name"
            style="color: rgb(255, 121, 198);"
          >
            ModalCommonBody
          </span>
          <span
            class="token tag punctuation"
            style="color: rgb(248, 248, 242);"
          >
            &gt;
          </span>
          <span
            class="token plain-text"
          />
        </div>
        <div
          class="token-line"
          style="color: rgb(248, 248, 242);"
        >
          <span
            class="token plain-text"
          >
                
          </span>
          <span
            class="token tag punctuation"
            style="color: rgb(248, 248, 242);"
          >
            &lt;
          </span>
          <span
            class="token tag class-name"
            style="color: rgb(255, 121, 198);"
          >
            ModalCommonFooter
          </span>
          <span
            class="token tag"
            style="color: rgb(255, 121, 198);"
          >
             
          </span>
          <span
            class="token tag attr-name"
            style="color: rgb(241, 250, 140);"
          >
            cancelLabel
          </span>
          <span
            class="token tag attr-value punctuation attr-equals"
            style="color: rgb(248, 248, 242);"
          >
            =
          </span>
          <span
            class="token tag attr-value punctuation"
            style="color: rgb(248, 248, 242);"
          >
            "
          </span>
          <span
            class="token tag attr-value"
            style="color: rgb(255, 121, 198);"
          >
            Annuler
          </span>
          <span
            class="token tag attr-value punctuation"
            style="color: rgb(248, 248, 242);"
          >
            "
          </span>
          <span
            class="token tag"
            style="color: rgb(255, 121, 198);"
          >
             
          </span>
          <span
            class="token tag attr-name"
            style="color: rgb(241, 250, 140);"
          >
            onCancel
          </span>
          <span
            class="token tag script language-javascript script-punctuation punctuation"
            style="color: rgb(248, 248, 242);"
          >
            =
          </span>
          <span
            class="token tag script language-javascript punctuation"
            style="color: rgb(248, 248, 242);"
          >
            {
          </span>
          <span
            class="token tag script language-javascript"
            style="color: rgb(255, 121, 198);"
          >
            onCancel
          </span>
          <span
            class="token tag script language-javascript punctuation"
            style="color: rgb(248, 248, 242);"
          >
            }
          </span>
          <span
            class="token tag"
            style="color: rgb(255, 121, 198);"
          >
             
          </span>
          <span
            class="token tag attr-name"
            style="color: rgb(241, 250, 140);"
          >
            onSubmit
          </span>
          <span
            class="token tag script language-javascript script-punctuation punctuation"
            style="color: rgb(248, 248, 242);"
          >
            =
          </span>
          <span
            class="token tag script language-javascript punctuation"
            style="color: rgb(248, 248, 242);"
          >
            {
          </span>
          <span
            class="token tag script language-javascript"
            style="color: rgb(255, 121, 198);"
          >
            onCancel
          </span>
          <span
            class="token tag script language-javascript punctuation"
            style="color: rgb(248, 248, 242);"
          >
            }
          </span>
          <span
            class="token tag"
            style="color: rgb(255, 121, 198);"
          >
             
          </span>
          <span
            class="token tag attr-name"
            style="color: rgb(241, 250, 140);"
          >
            confirmLabel
          </span>
          <span
            class="token tag attr-value punctuation attr-equals"
            style="color: rgb(248, 248, 242);"
          >
            =
          </span>
          <span
            class="token tag attr-value punctuation"
            style="color: rgb(248, 248, 242);"
          >
            "
          </span>
          <span
            class="token tag attr-value"
            style="color: rgb(255, 121, 198);"
          >
            Valider
          </span>
          <span
            class="token tag attr-value punctuation"
            style="color: rgb(248, 248, 242);"
          >
            "
          </span>
          <span
            class="token tag"
            style="color: rgb(255, 121, 198);"
          >
             
          </span>
          <span
            class="token tag attr-name"
            style="color: rgb(241, 250, 140);"
          >
            classModifier
          </span>
          <span
            class="token tag attr-value punctuation attr-equals"
            style="color: rgb(248, 248, 242);"
          >
            =
          </span>
          <span
            class="token tag attr-value punctuation"
            style="color: rgb(248, 248, 242);"
          >
            "
          </span>
          <span
            class="token tag attr-value punctuation"
            style="color: rgb(248, 248, 242);"
          >
            "
          </span>
          <span
            class="token tag"
            style="color: rgb(255, 121, 198);"
          >
             
          </span>
          <span
            class="token tag punctuation"
            style="color: rgb(248, 248, 242);"
          >
            /&gt;
          </span>
          <span
            class="token plain-text"
          />
        </div>
        <div
          class="token-line"
          style="color: rgb(248, 248, 242);"
        >
          <span
            class="token plain-text"
          >
              
          </span>
          <span
            class="token tag punctuation"
            style="color: rgb(248, 248, 242);"
          >
            &lt;/
          </span>
          <span
            class="token tag class-name"
            style="color: rgb(255, 121, 198);"
          >
            Modal
          </span>
          <span
            class="token tag punctuation"
            style="color: rgb(248, 248, 242);"
          >
            &gt;
          </span>
          <span
            class="token plain-text"
          />
        </div>
        <div
          class="token-line"
          style="color: rgb(248, 248, 242);"
        >
          <span
            class="token plain-text"
          />
          <span
            class="token tag punctuation"
            style="color: rgb(248, 248, 242);"
          >
            &lt;/
          </span>
          <span
            class="token tag punctuation"
            style="color: rgb(248, 248, 242);"
          >
            &gt;
          </span>
          <span
            class="token plain"
          />
        </div>
        <div
          class="token-line"
          style="color: rgb(248, 248, 242);"
        >
          <span
            class="token plain"
            style="display: inline-block;"
          >
            

          </span>
        </div>
      </pre>
    </article>
  </main>
  <footer
    class="af-footer"
  >
    <div
      class="container-fluid container"
    >
      <a
        class="af-logo"
        href="https://www.axa.fr/"
        target="blank"
        title="Site Axa"
      >
        <img
          alt="Logo Axa"
          class="af-logo__brand"
          src="logo-axa.svg"
        />
      </a>
      <div
        class="af-footer-content"
      >
        © 2022 AXA Tous droits réservés - v0.2.6
      </div>
    </div>
  </footer>
</DocumentFragment>
`;

exports[`<ModalPage/> Should render ModalPage with modal opened 1`] = `
<DocumentFragment>
  <div
    class="af-header"
  >
    <div
      class="container af-header__wrapper"
    >
      <header
        class="af-header__content"
        role="banner"
      >
        <div
          class="af-header__name af-header__name--slash"
        >
          <a
            class="af-logo"
            href="/"
          >
            <img
              alt="Toolkit React Starter"
              class="af-logo__brand"
              src="slash-logo.svg"
            />
          </a>
          <h2
            class="af-header__title"
          >
            Toolkit React Starter
            <span
              class="af-header__subtitle"
            >
              by Slash Design System
            </span>
          </h2>
        </div>
        <div
          class="af-info-user"
        >
          <a
            class="af-info-user__link"
            href="#"
            title="Voir mon profil"
          >
            <span
              class="af-info-user__name"
            />
          </a>
        </div>
      </header>
    </div>
  </div>
  <div
    class="af-nav-container"
  >
    <button
      aria-controls="mainmenu"
      aria-haspopup="true"
      class="mask fade "
      id="togglemenu"
      type="button"
    />
    <nav
      aria-label="Menu principal"
      class="af-nav af-drawer left "
      role="navigation"
    >
      <div
        class="container af-nav__wrapper"
      >
        <div
          class="af-nav__aside-header"
        >
          <h4
            class="af-nav__aside-title"
          >
            Menu
          </h4>
          <button
            aria-controls="mainmenu"
            aria-haspopup="true"
            class="af-nav__aside-close"
            id="togglemenu"
            type="button"
          >
            ×
          </button>
        </div>
        <ul
          aria-labelledby="togglemenu"
          class="af-nav__list "
          id="mainmenu"
          role="menubar"
        >
          <li
            class="af-nav__item af-nav__item--active "
            role="none"
          >
            <a
              aria-expanded="false"
              aria-haspopup="true"
              aria-label="Accueil"
              class="af-nav__link"
              href="/"
              role="menuitem"
              tabindex="0"
            >
              Accueil
            </a>
          </li>
          <li
            class="af-nav__item af-nav__item--haschild "
            role="none"
          >
            <a
              aria-expanded="false"
              aria-haspopup="true"
              aria-label="Démos"
              class="af-nav__link"
              href="/demos"
              role="menuitem"
              tabindex="-1"
            >
              Démos
            </a>
            <i
              class="glyphicon glyphicon-arrow-xs-down"
            />
            <ul
              aria-label=""
              class="af-nav__list af-nav__list--children"
              role="menu"
            >
              <li
                class="af-nav__item af-nav__item--separator "
                role="none"
              >
                <span
                  aria-expanded="false"
                  class="af-nav__link"
                  role="menuitem"
                  tabindex="-1"
                >
                  Pages
                </span>
              </li>
              <li
                class="af-nav__item "
                role="none"
              >
                <a
                  aria-expanded="false"
                  aria-haspopup="true"
                  aria-label="Membres"
                  class="af-nav__link"
                  href="/demos/members"
                  role="menuitem"
                  tabindex="-1"
                >
                  Membres
                </a>
              </li>
              <li
                class="af-nav__item "
                role="none"
              >
                <a
                  aria-expanded="false"
                  aria-haspopup="true"
                  aria-label="Rechercher"
                  class="af-nav__link"
                  href="/demos/search-members"
                  role="menuitem"
                  tabindex="-1"
                >
                  Rechercher
                </a>
              </li>
              <li
                class="af-nav__item "
                role="none"
              >
                <a
                  aria-expanded="false"
                  aria-haspopup="true"
                  aria-label="Modal"
                  class="af-nav__link"
                  href="/demos/modal"
                  role="menuitem"
                  tabindex="-1"
                >
                  Modal
                </a>
              </li>
              <li
                class="af-nav__item "
                role="none"
              >
                <a
                  aria-expanded="false"
                  aria-haspopup="true"
                  aria-label="Notification"
                  class="af-nav__link"
                  href="/demos/notification"
                  role="menuitem"
                  tabindex="-1"
                >
                  Notification
                </a>
              </li>
              <li
                class="af-nav__item "
                role="none"
              >
                <a
                  aria-expanded="false"
                  aria-haspopup="true"
                  aria-label="Layout"
                  class="af-nav__link"
                  href="/demos/layout"
                  role="menuitem"
                  tabindex="-1"
                >
                  Layout
                </a>
              </li>
              <li
                class="af-nav__item af-nav__item--separator "
                role="none"
              >
                <span
                  aria-expanded="false"
                  class="af-nav__link"
                  role="menuitem"
                  tabindex="-1"
                >
                  Composants Toolkit
                </span>
              </li>
              <li
                class="af-nav__item "
                role="none"
              >
                <a
                  aria-expanded="false"
                  aria-haspopup="true"
                  aria-label="Button"
                  class="af-nav__link"
                  href="/demos/button"
                  role="menuitem"
                  tabindex="-1"
                >
                  Button
                </a>
              </li>
            </ul>
          </li>
          <li
            class="af-nav__item af-nav__item--haschild "
            role="none"
          >
            <span
              aria-expanded="false"
              class="af-nav__link"
              role="menuitem"
              tabindex="-1"
            >
              Pages
            </span>
            <i
              class="glyphicon glyphicon-arrow-xs-down"
            />
            <ul
              aria-label=""
              class="af-nav__list af-nav__list--children"
              role="menu"
            >
              <li
                class="af-nav__item "
                role="none"
              >
                <a
                  aria-expanded="false"
                  aria-haspopup="true"
                  aria-label="Not found"
                  class="af-nav__link"
                  href="/notfound"
                  role="menuitem"
                  tabindex="-1"
                >
                  Not found
                </a>
              </li>
              <li
                class="af-nav__item "
                role="none"
              >
                <a
                  aria-expanded="false"
                  aria-haspopup="true"
                  aria-label="Forbidden"
                  class="af-nav__link"
                  href="/forbidden"
                  role="menuitem"
                  tabindex="-1"
                >
                  Forbidden
                </a>
              </li>
            </ul>
          </li>
        </ul>
      </div>
    </nav>
  </div>
  <a
    aria-controls="mainmenu"
    aria-haspopup="true"
    class="btn af-title-bar__mobile-menu af-btn--circle"
    href="#"
    id="togglemenu"
    role="button"
    tabindex="0"
    title="Toggle menu"
  >
    <i
      class="glyphicon glyphicon-menu-hamburger"
    />
  </a>
  <div
    class="af-title-bar"
  >
    <div
      class="container af-title-bar__wrapper"
    >
      <h1
        class="af-title-bar__title"
      >
        Demo modal
      </h1>
    </div>
  </div>
  <main
    class="container af-main"
  >
    <h1
      class="af-title--content"
    >
      Example
    </h1>
    <a
      class="af-link af-link--hasIconRight"
      href="https://codesandbox.io/embed/modal-default-l6sq5"
      rel="nofollow noreferrer noopener"
      target="blank"
    >
      <span
        class="af-link__text"
      >
        CodeSandBox
      </span>
      <i
        class="glyphicon glyphicon-new-window"
      />
    </a>
    <article
      class="af-livecode"
    >
      <div
        style="background: white; padding: 2rem; place-self: center;"
      >
        <button
          class="btn af-btn"
          type="submit"
        >
          <span
            class="af-btn__text"
          >
            Click me to launch modal
          </span>
        </button>
      </div>
      <pre
        class="prism-code language-jsx"
        style="color: rgb(248, 248, 242); background-color: rgb(40, 42, 54); font-size: 0.8rem;"
      >
        <div
          class="token-line"
          style="color: rgb(248, 248, 242);"
        >
          <span
            class="token plain"
            style="display: inline-block;"
          >
            

          </span>
        </div>
        <div
          class="token-line"
          style="color: rgb(248, 248, 242);"
        >
          <span
            class="token plain"
          />
          <span
            class="token tag punctuation"
            style="color: rgb(248, 248, 242);"
          >
            &lt;
          </span>
          <span
            class="token tag punctuation"
            style="color: rgb(248, 248, 242);"
          >
            &gt;
          </span>
          <span
            class="token plain-text"
          />
        </div>
        <div
          class="token-line"
          style="color: rgb(248, 248, 242);"
        >
          <span
            class="token plain-text"
          >
              
          </span>
          <span
            class="token tag punctuation"
            style="color: rgb(248, 248, 242);"
          >
            &lt;
          </span>
          <span
            class="token tag class-name"
            style="color: rgb(255, 121, 198);"
          >
            Button
          </span>
          <span
            class="token tag"
            style="color: rgb(255, 121, 198);"
          >
             
          </span>
          <span
            class="token tag attr-name"
            style="color: rgb(241, 250, 140);"
          >
            type
          </span>
          <span
            class="token tag attr-value punctuation attr-equals"
            style="color: rgb(248, 248, 242);"
          >
            =
          </span>
          <span
            class="token tag attr-value punctuation"
            style="color: rgb(248, 248, 242);"
          >
            "
          </span>
          <span
            class="token tag attr-value"
            style="color: rgb(255, 121, 198);"
          >
            submit
          </span>
          <span
            class="token tag attr-value punctuation"
            style="color: rgb(248, 248, 242);"
          >
            "
          </span>
          <span
            class="token tag"
            style="color: rgb(255, 121, 198);"
          >
             
          </span>
          <span
            class="token tag attr-name"
            style="color: rgb(241, 250, 140);"
          >
            onClick
          </span>
          <span
            class="token tag script language-javascript script-punctuation punctuation"
            style="color: rgb(248, 248, 242);"
          >
            =
          </span>
          <span
            class="token tag script language-javascript punctuation"
            style="color: rgb(248, 248, 242);"
          >
            {
          </span>
          <span
            class="token tag script language-javascript"
            style="color: rgb(255, 121, 198);"
          >
            openModal
          </span>
          <span
            class="token tag script language-javascript punctuation"
            style="color: rgb(248, 248, 242);"
          >
            }
          </span>
          <span
            class="token tag punctuation"
            style="color: rgb(248, 248, 242);"
          >
            &gt;
          </span>
          <span
            class="token plain-text"
          />
        </div>
        <div
          class="token-line"
          style="color: rgb(248, 248, 242);"
        >
          <span
            class="token plain-text"
          >
                
          </span>
          <span
            class="token tag punctuation"
            style="color: rgb(248, 248, 242);"
          >
            &lt;
          </span>
          <span
            class="token tag"
            style="color: rgb(255, 121, 198);"
          >
            span
          </span>
          <span
            class="token tag"
            style="color: rgb(255, 121, 198);"
          >
             
          </span>
          <span
            class="token tag attr-name"
            style="color: rgb(241, 250, 140);"
          >
            className
          </span>
          <span
            class="token tag attr-value punctuation attr-equals"
            style="color: rgb(248, 248, 242);"
          >
            =
          </span>
          <span
            class="token tag attr-value punctuation"
            style="color: rgb(248, 248, 242);"
          >
            "
          </span>
          <span
            class="token tag attr-value"
            style="color: rgb(255, 121, 198);"
          >
            af-btn__text
          </span>
          <span
            class="token tag attr-value punctuation"
            style="color: rgb(248, 248, 242);"
          >
            "
          </span>
          <span
            class="token tag punctuation"
            style="color: rgb(248, 248, 242);"
          >
            &gt;
          </span>
          <span
            class="token plain-text"
          >
            Click me to launch modal
          </span>
          <span
            class="token tag punctuation"
            style="color: rgb(248, 248, 242);"
          >
            &lt;/
          </span>
          <span
            class="token tag"
            style="color: rgb(255, 121, 198);"
          >
            span
          </span>
          <span
            class="token tag punctuation"
            style="color: rgb(248, 248, 242);"
          >
            &gt;
          </span>
          <span
            class="token plain-text"
          />
        </div>
        <div
          class="token-line"
          style="color: rgb(248, 248, 242);"
        >
          <span
            class="token plain-text"
          >
              
          </span>
          <span
            class="token tag punctuation"
            style="color: rgb(248, 248, 242);"
          >
            &lt;/
          </span>
          <span
            class="token tag class-name"
            style="color: rgb(255, 121, 198);"
          >
            Button
          </span>
          <span
            class="token tag punctuation"
            style="color: rgb(248, 248, 242);"
          >
            &gt;
          </span>
          <span
            class="token plain-text"
          />
        </div>
        <div
          class="token-line"
          style="color: rgb(248, 248, 242);"
        >
          <span
            class="token plain-text"
          >
              
          </span>
          <span
            class="token tag punctuation"
            style="color: rgb(248, 248, 242);"
          >
            &lt;
          </span>
          <span
            class="token tag class-name"
            style="color: rgb(255, 121, 198);"
          >
            Modal
          </span>
          <span
            class="token tag"
            style="color: rgb(255, 121, 198);"
          >
             
          </span>
          <span
            class="token tag attr-name"
            style="color: rgb(241, 250, 140);"
          >
            isOpen
          </span>
          <span
            class="token tag script language-javascript script-punctuation punctuation"
            style="color: rgb(248, 248, 242);"
          >
            =
          </span>
          <span
            class="token tag script language-javascript punctuation"
            style="color: rgb(248, 248, 242);"
          >
            {
          </span>
          <span
            class="token tag script language-javascript"
            style="color: rgb(255, 121, 198);"
          >
            isOpen
          </span>
          <span
            class="token tag script language-javascript punctuation"
            style="color: rgb(248, 248, 242);"
          >
            }
          </span>
          <span
            class="token tag"
            style="color: rgb(255, 121, 198);"
          >
             
          </span>
          <span
            class="token tag attr-name"
            style="color: rgb(241, 250, 140);"
          >
            onOutsideTap
          </span>
          <span
            class="token tag script language-javascript script-punctuation punctuation"
            style="color: rgb(248, 248, 242);"
          >
            =
          </span>
          <span
            class="token tag script language-javascript punctuation"
            style="color: rgb(248, 248, 242);"
          >
            {
          </span>
          <span
            class="token tag script language-javascript"
            style="color: rgb(255, 121, 198);"
          >
            onCancel
          </span>
          <span
            class="token tag script language-javascript punctuation"
            style="color: rgb(248, 248, 242);"
          >
            }
          </span>
          <span
            class="token tag"
            style="color: rgb(255, 121, 198);"
          >
             
          </span>
          <span
            class="token tag attr-name"
            style="color: rgb(241, 250, 140);"
          >
            classModifier
          </span>
          <span
            class="token tag script language-javascript script-punctuation punctuation"
            style="color: rgb(248, 248, 242);"
          >
            =
          </span>
          <span
            class="token tag script language-javascript punctuation"
            style="color: rgb(248, 248, 242);"
          >
            {
          </span>
          <span
            class="token tag script language-javascript"
            style="color: rgb(255, 121, 198);"
          >
            classModifier
          </span>
          <span
            class="token tag script language-javascript punctuation"
            style="color: rgb(248, 248, 242);"
          >
            }
          </span>
          <span
            class="token tag punctuation"
            style="color: rgb(248, 248, 242);"
          >
            &gt;
          </span>
          <span
            class="token plain-text"
          />
        </div>
        <div
          class="token-line"
          style="color: rgb(248, 248, 242);"
        >
          <span
            class="token plain-text"
          >
                
          </span>
          <span
            class="token tag punctuation"
            style="color: rgb(248, 248, 242);"
          >
            &lt;
          </span>
          <span
            class="token tag class-name"
            style="color: rgb(255, 121, 198);"
          >
            ModalCommonHeader
          </span>
          <span
            class="token tag"
            style="color: rgb(255, 121, 198);"
          >
             
          </span>
          <span
            class="token tag attr-name"
            style="color: rgb(241, 250, 140);"
          >
            onCancel
          </span>
          <span
            class="token tag script language-javascript script-punctuation punctuation"
            style="color: rgb(248, 248, 242);"
          >
            =
          </span>
          <span
            class="token tag script language-javascript punctuation"
            style="color: rgb(248, 248, 242);"
          >
            {
          </span>
          <span
            class="token tag script language-javascript"
            style="color: rgb(255, 121, 198);"
          >
            onCancel
          </span>
          <span
            class="token tag script language-javascript punctuation"
            style="color: rgb(248, 248, 242);"
          >
            }
          </span>
          <span
            class="token tag"
            style="color: rgb(255, 121, 198);"
          >
             
          </span>
          <span
            class="token tag attr-name"
            style="color: rgb(241, 250, 140);"
          >
            title
          </span>
          <span
            class="token tag attr-value punctuation attr-equals"
            style="color: rgb(248, 248, 242);"
          >
            =
          </span>
          <span
            class="token tag attr-value punctuation"
            style="color: rgb(248, 248, 242);"
          >
            "
          </span>
          <span
            class="token tag attr-value"
            style="color: rgb(255, 121, 198);"
          >
            Validation des informations générales
          </span>
          <span
            class="token tag attr-value punctuation"
            style="color: rgb(248, 248, 242);"
          >
            "
          </span>
          <span
            class="token tag"
            style="color: rgb(255, 121, 198);"
          >
             
          </span>
          <span
            class="token tag punctuation"
            style="color: rgb(248, 248, 242);"
          >
            /&gt;
          </span>
          <span
            class="token plain-text"
          />
        </div>
        <div
          class="token-line"
          style="color: rgb(248, 248, 242);"
        >
          <span
            class="token plain-text"
          >
                
          </span>
          <span
            class="token tag punctuation"
            style="color: rgb(248, 248, 242);"
          >
            &lt;
          </span>
          <span
            class="token tag class-name"
            style="color: rgb(255, 121, 198);"
          >
            ModalCommonBody
          </span>
          <span
            class="token tag punctuation"
            style="color: rgb(248, 248, 242);"
          >
            &gt;
          </span>
          <span
            class="token plain-text"
          />
        </div>
        <div
          class="token-line"
          style="color: rgb(248, 248, 242);"
        >
          <span
            class="token plain-text"
          >
                  
          </span>
          <span
            class="token tag punctuation"
            style="color: rgb(248, 248, 242);"
          >
            &lt;
          </span>
          <span
            class="token tag class-name"
            style="color: rgb(255, 121, 198);"
          >
            Alert
          </span>
          <span
            class="token tag"
            style="color: rgb(255, 121, 198);"
          >
             
          </span>
          <span
            class="token tag attr-name"
            style="color: rgb(241, 250, 140);"
          >
            classModifier
          </span>
          <span
            class="token tag attr-value punctuation attr-equals"
            style="color: rgb(248, 248, 242);"
          >
            =
          </span>
          <span
            class="token tag attr-value punctuation"
            style="color: rgb(248, 248, 242);"
          >
            "
          </span>
          <span
            class="token tag attr-value"
            style="color: rgb(255, 121, 198);"
          >
            info
          </span>
          <span
            class="token tag attr-value punctuation"
            style="color: rgb(248, 248, 242);"
          >
            "
          </span>
          <span
            class="token tag"
            style="color: rgb(255, 121, 198);"
          >
             
          </span>
          <span
            class="token tag attr-name"
            style="color: rgb(241, 250, 140);"
          >
            icon
          </span>
          <span
            class="token tag attr-value punctuation attr-equals"
            style="color: rgb(248, 248, 242);"
          >
            =
          </span>
          <span
            class="token tag attr-value punctuation"
            style="color: rgb(248, 248, 242);"
          >
            "
          </span>
          <span
            class="token tag attr-value"
            style="color: rgb(255, 121, 198);"
          >
            info-sign
          </span>
          <span
            class="token tag attr-value punctuation"
            style="color: rgb(248, 248, 242);"
          >
            "
          </span>
          <span
            class="token tag"
            style="color: rgb(255, 121, 198);"
          >
             
          </span>
          <span
            class="token tag attr-name"
            style="color: rgb(241, 250, 140);"
          >
            title
          </span>
          <span
            class="token tag attr-value punctuation attr-equals"
            style="color: rgb(248, 248, 242);"
          >
            =
          </span>
          <span
            class="token tag attr-value punctuation"
            style="color: rgb(248, 248, 242);"
          >
            "
          </span>
          <span
            class="token tag attr-value"
            style="color: rgb(255, 121, 198);"
          >
            Vous allez créer un nouvel élément.
          </span>
          <span
            class="token tag attr-value punctuation"
            style="color: rgb(248, 248, 242);"
          >
            "
          </span>
          <span
            class="token tag"
            style="color: rgb(255, 121, 198);"
          >
             
          </span>
          <span
            class="token tag punctuation"
            style="color: rgb(248, 248, 242);"
          >
            /&gt;
          </span>
          <span
            class="token plain-text"
          />
        </div>
        <div
          class="token-line"
          style="color: rgb(248, 248, 242);"
        >
          <span
            class="token plain-text"
          >
                  
          </span>
          <span
            class="token tag punctuation"
            style="color: rgb(248, 248, 242);"
          >
            &lt;
          </span>
          <span
            class="token tag"
            style="color: rgb(255, 121, 198);"
          >
            p
          </span>
          <span
            class="token tag punctuation"
            style="color: rgb(248, 248, 242);"
          >
            &gt;
          </span>
          <span
            class="token plain-text"
          >
            Confirmez-vous vouloir valider avec les informations suivantes ?
          </span>
          <span
            class="token tag punctuation"
            style="color: rgb(248, 248, 242);"
          >
            &lt;/
          </span>
          <span
            class="token tag"
            style="color: rgb(255, 121, 198);"
          >
            p
          </span>
          <span
            class="token tag punctuation"
            style="color: rgb(248, 248, 242);"
          >
            &gt;
          </span>
          <span
            class="token plain-text"
          >
                  
          </span>
        </div>
        <div
          class="token-line"
          style="color: rgb(248, 248, 242);"
        >
          <span
            class="token plain-text"
          >
                
          </span>
          <span
            class="token tag punctuation"
            style="color: rgb(248, 248, 242);"
          >
            &lt;/
          </span>
          <span
            class="token tag class-name"
            style="color: rgb(255, 121, 198);"
          >
            ModalCommonBody
          </span>
          <span
            class="token tag punctuation"
            style="color: rgb(248, 248, 242);"
          >
            &gt;
          </span>
          <span
            class="token plain-text"
          />
        </div>
        <div
          class="token-line"
          style="color: rgb(248, 248, 242);"
        >
          <span
            class="token plain-text"
          >
                
          </span>
          <span
            class="token tag punctuation"
            style="color: rgb(248, 248, 242);"
          >
            &lt;
          </span>
          <span
            class="token tag class-name"
            style="color: rgb(255, 121, 198);"
          >
            ModalCommonFooter
          </span>
          <span
            class="token tag"
            style="color: rgb(255, 121, 198);"
          >
             
          </span>
          <span
            class="token tag attr-name"
            style="color: rgb(241, 250, 140);"
          >
            cancelLabel
          </span>
          <span
            class="token tag attr-value punctuation attr-equals"
            style="color: rgb(248, 248, 242);"
          >
            =
          </span>
          <span
            class="token tag attr-value punctuation"
            style="color: rgb(248, 248, 242);"
          >
            "
          </span>
          <span
            class="token tag attr-value"
            style="color: rgb(255, 121, 198);"
          >
            Annuler
          </span>
          <span
            class="token tag attr-value punctuation"
            style="color: rgb(248, 248, 242);"
          >
            "
          </span>
          <span
            class="token tag"
            style="color: rgb(255, 121, 198);"
          >
             
          </span>
          <span
            class="token tag attr-name"
            style="color: rgb(241, 250, 140);"
          >
            onCancel
          </span>
          <span
            class="token tag script language-javascript script-punctuation punctuation"
            style="color: rgb(248, 248, 242);"
          >
            =
          </span>
          <span
            class="token tag script language-javascript punctuation"
            style="color: rgb(248, 248, 242);"
          >
            {
          </span>
          <span
            class="token tag script language-javascript"
            style="color: rgb(255, 121, 198);"
          >
            onCancel
          </span>
          <span
            class="token tag script language-javascript punctuation"
            style="color: rgb(248, 248, 242);"
          >
            }
          </span>
          <span
            class="token tag"
            style="color: rgb(255, 121, 198);"
          >
             
          </span>
          <span
            class="token tag attr-name"
            style="color: rgb(241, 250, 140);"
          >
            onSubmit
          </span>
          <span
            class="token tag script language-javascript script-punctuation punctuation"
            style="color: rgb(248, 248, 242);"
          >
            =
          </span>
          <span
            class="token tag script language-javascript punctuation"
            style="color: rgb(248, 248, 242);"
          >
            {
          </span>
          <span
            class="token tag script language-javascript"
            style="color: rgb(255, 121, 198);"
          >
            onCancel
          </span>
          <span
            class="token tag script language-javascript punctuation"
            style="color: rgb(248, 248, 242);"
          >
            }
          </span>
          <span
            class="token tag"
            style="color: rgb(255, 121, 198);"
          >
             
          </span>
          <span
            class="token tag attr-name"
            style="color: rgb(241, 250, 140);"
          >
            confirmLabel
          </span>
          <span
            class="token tag attr-value punctuation attr-equals"
            style="color: rgb(248, 248, 242);"
          >
            =
          </span>
          <span
            class="token tag attr-value punctuation"
            style="color: rgb(248, 248, 242);"
          >
            "
          </span>
          <span
            class="token tag attr-value"
            style="color: rgb(255, 121, 198);"
          >
            Valider
          </span>
          <span
            class="token tag attr-value punctuation"
            style="color: rgb(248, 248, 242);"
          >
            "
          </span>
          <span
            class="token tag"
            style="color: rgb(255, 121, 198);"
          >
             
          </span>
          <span
            class="token tag attr-name"
            style="color: rgb(241, 250, 140);"
          >
            classModifier
          </span>
          <span
            class="token tag attr-value punctuation attr-equals"
            style="color: rgb(248, 248, 242);"
          >
            =
          </span>
          <span
            class="token tag attr-value punctuation"
            style="color: rgb(248, 248, 242);"
          >
            "
          </span>
          <span
            class="token tag attr-value punctuation"
            style="color: rgb(248, 248, 242);"
          >
            "
          </span>
          <span
            class="token tag"
            style="color: rgb(255, 121, 198);"
          >
             
          </span>
          <span
            class="token tag punctuation"
            style="color: rgb(248, 248, 242);"
          >
            /&gt;
          </span>
          <span
            class="token plain-text"
          />
        </div>
        <div
          class="token-line"
          style="color: rgb(248, 248, 242);"
        >
          <span
            class="token plain-text"
          >
              
          </span>
          <span
            class="token tag punctuation"
            style="color: rgb(248, 248, 242);"
          >
            &lt;/
          </span>
          <span
            class="token tag class-name"
            style="color: rgb(255, 121, 198);"
          >
            Modal
          </span>
          <span
            class="token tag punctuation"
            style="color: rgb(248, 248, 242);"
          >
            &gt;
          </span>
          <span
            class="token plain-text"
          />
        </div>
        <div
          class="token-line"
          style="color: rgb(248, 248, 242);"
        >
          <span
            class="token plain-text"
          />
          <span
            class="token tag punctuation"
            style="color: rgb(248, 248, 242);"
          >
            &lt;/
          </span>
          <span
            class="token tag punctuation"
            style="color: rgb(248, 248, 242);"
          >
            &gt;
          </span>
          <span
            class="token plain"
          />
        </div>
        <div
          class="token-line"
          style="color: rgb(248, 248, 242);"
        >
          <span
            class="token plain"
            style="display: inline-block;"
          >
            

          </span>
        </div>
      </pre>
    </article>
  </main>
  <footer
    class="af-footer"
  >
    <div
      class="container-fluid container"
    >
      <a
        class="af-logo"
        href="https://www.axa.fr/"
        target="blank"
        title="Site Axa"
      >
        <img
          alt="Logo Axa"
          class="af-logo__brand"
          src="logo-axa.svg"
        />
      </a>
      <div
        class="af-footer-content"
      >
        © 2022 AXA Tous droits réservés - v0.2.6
      </div>
    </div>
  </footer>
</DocumentFragment>
`;
