// Jest Snapshot v1, https://goo.gl/fbAQLP

exports[`Route NotFound Page 1`] = `
<DocumentFragment>
  <div
    class="af-title-bar af-title-bar--hasstepper af-title-bar--backhome"
  >
    <div
      class="container af-title-bar__wrapper"
    >
      <h1
        class="af-title-bar__title"
      >
        title
      </h1>
      <a
        class="btn af-btn--circle"
        href="/"
        title="Retour à l'accueil"
      >
        <i
          class="glyphicon glyphicon-home"
        />
      </a>
      404 Page Not Found
    </div>
  </div>
  <div
    class="container af-container--notfound"
  >
    <h1
      class="af-notfound__title"
    >
      <div
        class="af-notfound__title-covernumber"
      >
        <span
          class="af-notfound__title-number"
        >
          404
        </span>
      </div>
      <div
        class="af-notfound__title-covernot"
      >
        <span
          class="af-notfound__title-not"
        >
          not
          <br />
          found
        </span>
      </div>
    </h1>
    <p
      class="af-notfound__message"
    >
      The page you are looking for is not here!
    </p>
  </div>
</DocumentFragment>
`;

exports[`Route Should render Routes 1`] = `
<DocumentFragment>
  <div
    style="min-height: 94px; position: relative;"
  >
     
  </div>
  <div
    class="af-nav-container"
  >
    <button
      aria-controls="mainmenu"
      aria-haspopup="true"
      class="mask fade "
      id="togglemenu"
      type="button"
    />
    <nav
      aria-label="Menu principal"
      class="af-nav af-drawer left "
      role="navigation"
    >
      <div
        class="container af-nav__wrapper"
      >
        <div
          class="af-nav__aside-header"
        >
          <h4
            class="af-nav__aside-title"
          >
            Menu
          </h4>
          <button
            aria-controls="mainmenu"
            aria-haspopup="true"
            class="af-nav__aside-close"
            id="togglemenu"
            type="button"
          >
            ×
          </button>
        </div>
        <ul
          aria-labelledby="togglemenu"
          class="af-nav__list "
          id="mainmenu"
          role="menubar"
        >
          <div
            style="min-height: 94px; position: relative;"
          >
             
          </div>
          <div
            style="min-height: 94px; position: relative;"
          >
             
          </div>
          <div
            style="min-height: 94px; position: relative;"
          >
             
          </div>
        </ul>
      </div>
    </nav>
  </div>
  <a
    aria-controls="mainmenu"
    aria-haspopup="true"
    class="btn af-title-bar__mobile-menu af-btn--circle"
    href="#"
    id="togglemenu"
    role="button"
    tabindex="0"
    title="Toggle menu"
  >
    <i
      class="glyphicon glyphicon-menu-hamburger"
    />
  </a>
  <div
    class="af-title-bar"
  >
    <div
      class="container af-title-bar__wrapper"
    >
      <h1
        class="af-title-bar__title"
      >
        Accueil
      </h1>
    </div>
  </div>
  <div
    class="af-main container"
  >
    <h1
      class="af-title--content"
    >
      Tableau de bord
    </h1>
  </div>
  <footer
    class="af-footer"
  >
    <div
      class="container-fluid container"
    >
      <a
        class="af-logo"
        href="https://www.axa.fr/"
        target="blank"
        title="Site Axa"
      >
        <img
          alt="Logo Axa"
          class="af-logo__brand"
          src="logo-axa.svg"
        />
      </a>
      <div
        class="af-footer-content"
      >
        © 2020 AXA Tous droits réservés - v0.1.0
      </div>
    </div>
  </footer>
</DocumentFragment>
`;
