// Jest Snapshot v1, https://goo.gl/fbAQLP

exports[`Renders RouteBase component without crashing 1`] = `
<DocumentFragment>
  <div
    style="min-height: 94px; position: relative;"
  >
     
  </div>
</DocumentFragment>
`;

exports[`Should App render without crashing 1`] = `
<DocumentFragment>
  <div
    style="min-height: 94px; position: relative;"
  >
     
  </div>
</DocumentFragment>
`;
