// Jest Snapshot v1, https://goo.gl/fbAQLP

exports[`Renders RouteBase component without crashing 1`] = `
<DocumentFragment>
  <div
    style="min-height: 94px; position: relative;"
  >
     
  </div>
  <div
    class="af-nav-container"
  >
    <button
      aria-controls="mainmenu"
      aria-haspopup="true"
      class="mask fade "
      id="togglemenu"
      type="button"
    />
    <nav
      aria-label="Menu principal"
      class="af-nav af-drawer left "
      role="navigation"
    >
      <div
        class="container af-nav__wrapper"
      >
        <div
          class="af-nav__aside-header"
        >
          <h4
            class="af-nav__aside-title"
          >
            Menu
          </h4>
          <button
            aria-controls="mainmenu"
            aria-haspopup="true"
            class="af-nav__aside-close"
            id="togglemenu"
            type="button"
          >
            ×
          </button>
        </div>
        <ul
          aria-labelledby="togglemenu"
          class="af-nav__list "
          id="mainmenu"
          role="menubar"
        >
          <li
            class="af-nav__item af-nav__item--active "
            role="none"
          >
            <a
              aria-expanded="false"
              aria-haspopup="true"
              aria-label="Accueil"
              class="af-nav__link"
              href="/"
              role="menuitem"
              tabindex="0"
            >
              Accueil
            </a>
          </li>
          <li
            class="af-nav__item "
            role="none"
          >
            <a
              aria-expanded="false"
              aria-haspopup="true"
              aria-label="Membres"
              class="af-nav__link"
              href="/members"
              role="menuitem"
              tabindex="-1"
            >
              Membres
            </a>
          </li>
          <li
            class="af-nav__item af-nav__item--haschild "
            role="none"
          >
            <a
              aria-expanded="false"
              aria-haspopup="true"
              aria-label="Forms"
              class="af-nav__link"
              href="/form"
              role="menuitem"
              tabindex="-1"
            >
              Forms
            </a>
            <i
              class="glyphicon glyphicon-arrow-xs-down"
            />
            <ul
              aria-label=""
              class="af-nav__list af-nav__list--children"
              role="menu"
            >
              <li
                class="af-nav__item "
                role="none"
              >
                <a
                  aria-expanded="false"
                  aria-haspopup="true"
                  aria-label="Champs classiques"
                  class="af-nav__link"
                  href="/form/classics-fields"
                  role="menuitem"
                  tabindex="-1"
                >
                  Champs classiques
                </a>
              </li>
              <li
                class="af-nav__item "
                role="none"
              >
                <a
                  aria-expanded="false"
                  aria-haspopup="true"
                  aria-label="Champ datepicker"
                  class="af-nav__link"
                  href="/form/datepicker"
                  role="menuitem"
                  tabindex="-1"
                >
                  Champ datepicker
                </a>
              </li>
              <li
                class="af-nav__item "
                role="none"
              >
                <a
                  aria-expanded="false"
                  aria-haspopup="true"
                  aria-label="Champ slider"
                  class="af-nav__link"
                  href="/form/slider"
                  role="menuitem"
                  tabindex="-1"
                >
                  Champ slider
                </a>
              </li>
            </ul>
          </li>
        </ul>
      </div>
    </nav>
  </div>
  <a
    aria-controls="mainmenu"
    aria-haspopup="true"
    class="btn af-title-bar__mobile-menu af-btn--circle"
    href="#"
    id="togglemenu"
    role="button"
    tabindex="0"
    title="Toggle menu"
  >
    <i
      class="glyphicon glyphicon-menu-hamburger"
    />
  </a>
  <div
    class="af-title-bar"
  >
    <div
      class="container af-title-bar__wrapper"
    >
      <h1
        class="af-title-bar__title"
      >
        Accueil
      </h1>
    </div>
  </div>
  <div
    class="af-main container"
  >
    <h1
      class="af-title--content"
    >
      Tableau de bord
    </h1>
  </div>
  <footer
    class="af-footer"
  >
    <div
      class="container-fluid container"
    >
      <a
        class="af-logo"
        href="https://www.axa.fr/"
        target="blank"
        title="Site Axa"
      >
        <img
          alt="Logo Axa"
          class="af-logo__brand"
          src="logo-axa.svg"
        />
      </a>
      <div
        class="af-footer-content"
      >
        © 2020 AXA Tous droits réservés - v0.1.0
      </div>
    </div>
  </footer>
</DocumentFragment>
`;

exports[`Should App render without crashing 1`] = `
<DocumentFragment>
  <div
    style="min-height: 94px; position: relative;"
  >
     
  </div>
</DocumentFragment>
`;
