// Jest Snapshot v1, https://goo.gl/fbAQLP

exports[`<ModalPageContainer/> Should render ModalPageContainer 1`] = `
<body>
  <div>
    <div
      class="af-main container"
    >
      <h1
        class="af-title--content"
      >
        Example
      </h1>
      <a
        class="af-link af-link--hasIconRight"
        href="https://codesandbox.io/embed/modal-default-l6sq5"
        rel="nofollow noreferrer noopener"
        target="blank"
      >
        <span
          class="af-link__text"
        >
          CodeSandBox
        </span>
        <i
          class="glyphicon glyphicon-new-window"
        />
      </a>
      <article
        class="af-livecode"
      >
        <div
          style="font-size: 12px;"
        >
          <pre
            class="prism-code language-jsx"
            style="margin: 0px; outline: none; padding: 10px; font-family: inherit; white-space: pre-wrap; tab-size: 2;"
          >
            <div
              class="token-line"
              style="color: rgb(248, 248, 242);"
            >
              

            </div>
            <div
              class="token-line"
              style="color: rgb(248, 248, 242);"
            >
              <span
                class="token plain"
              />
              <span
                class="token tag punctuation"
                style="color: rgb(248, 248, 242);"
              >
                &lt;
              </span>
              <span
                class="token tag punctuation"
                style="color: rgb(248, 248, 242);"
              >
                &gt;
              </span>
              <span
                class="token plain-text"
              />
              

            </div>
            <div
              class="token-line"
              style="color: rgb(248, 248, 242);"
            >
              <span
                class="token plain-text"
              >
                  
              </span>
              <span
                class="token tag punctuation"
                style="color: rgb(248, 248, 242);"
              >
                &lt;
              </span>
              <span
                class="token tag class-name"
                style="color: rgb(255, 121, 198);"
              >
                Button
              </span>
              <span
                class="token tag"
                style="color: rgb(255, 121, 198);"
              >
                 
              </span>
              <span
                class="token tag attr-name"
                style="color: rgb(241, 250, 140);"
              >
                type
              </span>
              <span
                class="token tag attr-value punctuation attr-equals"
                style="color: rgb(248, 248, 242);"
              >
                =
              </span>
              <span
                class="token tag attr-value punctuation"
                style="color: rgb(248, 248, 242);"
              >
                "
              </span>
              <span
                class="token tag attr-value"
                style="color: rgb(255, 121, 198);"
              >
                submit
              </span>
              <span
                class="token tag attr-value punctuation"
                style="color: rgb(248, 248, 242);"
              >
                "
              </span>
              <span
                class="token tag"
                style="color: rgb(255, 121, 198);"
              >
                 
              </span>
              <span
                class="token tag attr-name"
                style="color: rgb(241, 250, 140);"
              >
                onClick
              </span>
              <span
                class="token tag script language-javascript script-punctuation punctuation"
                style="color: rgb(248, 248, 242);"
              >
                =
              </span>
              <span
                class="token tag script language-javascript punctuation"
                style="color: rgb(248, 248, 242);"
              >
                {
              </span>
              <span
                class="token tag script language-javascript"
                style="color: rgb(255, 121, 198);"
              >
                openModalConfirm
              </span>
              <span
                class="token tag script language-javascript punctuation"
                style="color: rgb(248, 248, 242);"
              >
                }
              </span>
              <span
                class="token tag punctuation"
                style="color: rgb(248, 248, 242);"
              >
                &gt;
              </span>
              <span
                class="token plain-text"
              />
              

            </div>
            <div
              class="token-line"
              style="color: rgb(248, 248, 242);"
            >
              <span
                class="token plain-text"
              >
                    
              </span>
              <span
                class="token tag punctuation"
                style="color: rgb(248, 248, 242);"
              >
                &lt;
              </span>
              <span
                class="token tag"
                style="color: rgb(255, 121, 198);"
              >
                span
              </span>
              <span
                class="token tag"
                style="color: rgb(255, 121, 198);"
              >
                 
              </span>
              <span
                class="token tag attr-name"
                style="color: rgb(241, 250, 140);"
              >
                className
              </span>
              <span
                class="token tag attr-value punctuation attr-equals"
                style="color: rgb(248, 248, 242);"
              >
                =
              </span>
              <span
                class="token tag attr-value punctuation"
                style="color: rgb(248, 248, 242);"
              >
                "
              </span>
              <span
                class="token tag attr-value"
                style="color: rgb(255, 121, 198);"
              >
                af-btn__text
              </span>
              <span
                class="token tag attr-value punctuation"
                style="color: rgb(248, 248, 242);"
              >
                "
              </span>
              <span
                class="token tag punctuation"
                style="color: rgb(248, 248, 242);"
              >
                &gt;
              </span>
              <span
                class="token plain-text"
              >
                Click me to launch modal
              </span>
              <span
                class="token tag punctuation"
                style="color: rgb(248, 248, 242);"
              >
                &lt;/
              </span>
              <span
                class="token tag"
                style="color: rgb(255, 121, 198);"
              >
                span
              </span>
              <span
                class="token tag punctuation"
                style="color: rgb(248, 248, 242);"
              >
                &gt;
              </span>
              <span
                class="token plain-text"
              />
              

            </div>
            <div
              class="token-line"
              style="color: rgb(248, 248, 242);"
            >
              <span
                class="token plain-text"
              >
                  
              </span>
              <span
                class="token tag punctuation"
                style="color: rgb(248, 248, 242);"
              >
                &lt;/
              </span>
              <span
                class="token tag class-name"
                style="color: rgb(255, 121, 198);"
              >
                Button
              </span>
              <span
                class="token tag punctuation"
                style="color: rgb(248, 248, 242);"
              >
                &gt;
              </span>
              <span
                class="token plain-text"
              />
              

            </div>
            <div
              class="token-line"
              style="color: rgb(248, 248, 242);"
            >
              <span
                class="token plain-text"
              >
                  
              </span>
              <span
                class="token tag punctuation"
                style="color: rgb(248, 248, 242);"
              >
                &lt;
              </span>
              <span
                class="token tag class-name"
                style="color: rgb(255, 121, 198);"
              >
                Modal
              </span>
              <span
                class="token tag"
                style="color: rgb(255, 121, 198);"
              >
                 
              </span>
              <span
                class="token tag attr-name"
                style="color: rgb(241, 250, 140);"
              >
                isOpen
              </span>
              <span
                class="token tag script language-javascript script-punctuation punctuation"
                style="color: rgb(248, 248, 242);"
              >
                =
              </span>
              <span
                class="token tag script language-javascript punctuation"
                style="color: rgb(248, 248, 242);"
              >
                {
              </span>
              <span
                class="token tag script language-javascript function"
                style="color: rgb(80, 250, 123);"
              >
                setIsOpen
              </span>
              <span
                class="token tag script language-javascript punctuation"
                style="color: rgb(248, 248, 242);"
              >
                (
              </span>
              <span
                class="token tag script language-javascript punctuation"
                style="color: rgb(248, 248, 242);"
              >
                )
              </span>
              <span
                class="token tag script language-javascript punctuation"
                style="color: rgb(248, 248, 242);"
              >
                }
              </span>
              <span
                class="token tag"
                style="color: rgb(255, 121, 198);"
              >
                 
              </span>
              <span
                class="token tag attr-name"
                style="color: rgb(241, 250, 140);"
              >
                onOutsideTap
              </span>
              <span
                class="token tag script language-javascript script-punctuation punctuation"
                style="color: rgb(248, 248, 242);"
              >
                =
              </span>
              <span
                class="token tag script language-javascript punctuation"
                style="color: rgb(248, 248, 242);"
              >
                {
              </span>
              <span
                class="token tag script language-javascript"
                style="color: rgb(255, 121, 198);"
              >
                onCancel
              </span>
              <span
                class="token tag script language-javascript punctuation"
                style="color: rgb(248, 248, 242);"
              >
                }
              </span>
              <span
                class="token tag"
                style="color: rgb(255, 121, 198);"
              >
                 
              </span>
              <span
                class="token tag attr-name"
                style="color: rgb(241, 250, 140);"
              >
                classModifier
              </span>
              <span
                class="token tag script language-javascript script-punctuation punctuation"
                style="color: rgb(248, 248, 242);"
              >
                =
              </span>
              <span
                class="token tag script language-javascript punctuation"
                style="color: rgb(248, 248, 242);"
              >
                {
              </span>
              <span
                class="token tag script language-javascript"
                style="color: rgb(255, 121, 198);"
              >
                classModifier
              </span>
              <span
                class="token tag script language-javascript punctuation"
                style="color: rgb(248, 248, 242);"
              >
                }
              </span>
              <span
                class="token tag punctuation"
                style="color: rgb(248, 248, 242);"
              >
                &gt;
              </span>
              <span
                class="token plain-text"
              />
              

            </div>
            <div
              class="token-line"
              style="color: rgb(248, 248, 242);"
            >
              <span
                class="token plain-text"
              >
                    
              </span>
              <span
                class="token tag punctuation"
                style="color: rgb(248, 248, 242);"
              >
                &lt;
              </span>
              <span
                class="token tag class-name"
                style="color: rgb(255, 121, 198);"
              >
                ModalCommonHeader
              </span>
              <span
                class="token tag"
                style="color: rgb(255, 121, 198);"
              >
                 
              </span>
              <span
                class="token tag attr-name"
                style="color: rgb(241, 250, 140);"
              >
                onCancel
              </span>
              <span
                class="token tag script language-javascript script-punctuation punctuation"
                style="color: rgb(248, 248, 242);"
              >
                =
              </span>
              <span
                class="token tag script language-javascript punctuation"
                style="color: rgb(248, 248, 242);"
              >
                {
              </span>
              <span
                class="token tag script language-javascript"
                style="color: rgb(255, 121, 198);"
              >
                onCancel
              </span>
              <span
                class="token tag script language-javascript punctuation"
                style="color: rgb(248, 248, 242);"
              >
                }
              </span>
              <span
                class="token tag"
                style="color: rgb(255, 121, 198);"
              >
                 
              </span>
              <span
                class="token tag attr-name"
                style="color: rgb(241, 250, 140);"
              >
                title
              </span>
              <span
                class="token tag attr-value punctuation attr-equals"
                style="color: rgb(248, 248, 242);"
              >
                =
              </span>
              <span
                class="token tag attr-value punctuation"
                style="color: rgb(248, 248, 242);"
              >
                "
              </span>
              <span
                class="token tag attr-value"
                style="color: rgb(255, 121, 198);"
              >
                Validation des informations générales
              </span>
              <span
                class="token tag attr-value punctuation"
                style="color: rgb(248, 248, 242);"
              >
                "
              </span>
              <span
                class="token tag"
                style="color: rgb(255, 121, 198);"
              >
                 
              </span>
              <span
                class="token tag punctuation"
                style="color: rgb(248, 248, 242);"
              >
                /&gt;
              </span>
              <span
                class="token plain-text"
              />
              

            </div>
            <div
              class="token-line"
              style="color: rgb(248, 248, 242);"
            >
              <span
                class="token plain-text"
              >
                    
              </span>
              <span
                class="token tag punctuation"
                style="color: rgb(248, 248, 242);"
              >
                &lt;
              </span>
              <span
                class="token tag class-name"
                style="color: rgb(255, 121, 198);"
              >
                ModalCommonBody
              </span>
              <span
                class="token tag punctuation"
                style="color: rgb(248, 248, 242);"
              >
                &gt;
              </span>
              <span
                class="token plain-text"
              />
              

            </div>
            <div
              class="token-line"
              style="color: rgb(248, 248, 242);"
            >
              <span
                class="token plain-text"
              >
                      
              </span>
              <span
                class="token tag punctuation"
                style="color: rgb(248, 248, 242);"
              >
                &lt;
              </span>
              <span
                class="token tag class-name"
                style="color: rgb(255, 121, 198);"
              >
                Alert
              </span>
              <span
                class="token tag"
                style="color: rgb(255, 121, 198);"
              >
                 
              </span>
              <span
                class="token tag attr-name"
                style="color: rgb(241, 250, 140);"
              >
                classModifier
              </span>
              <span
                class="token tag attr-value punctuation attr-equals"
                style="color: rgb(248, 248, 242);"
              >
                =
              </span>
              <span
                class="token tag attr-value punctuation"
                style="color: rgb(248, 248, 242);"
              >
                "
              </span>
              <span
                class="token tag attr-value"
                style="color: rgb(255, 121, 198);"
              >
                info
              </span>
              <span
                class="token tag attr-value punctuation"
                style="color: rgb(248, 248, 242);"
              >
                "
              </span>
              <span
                class="token tag"
                style="color: rgb(255, 121, 198);"
              >
                 
              </span>
              <span
                class="token tag attr-name"
                style="color: rgb(241, 250, 140);"
              >
                icon
              </span>
              <span
                class="token tag attr-value punctuation attr-equals"
                style="color: rgb(248, 248, 242);"
              >
                =
              </span>
              <span
                class="token tag attr-value punctuation"
                style="color: rgb(248, 248, 242);"
              >
                "
              </span>
              <span
                class="token tag attr-value"
                style="color: rgb(255, 121, 198);"
              >
                info-sign
              </span>
              <span
                class="token tag attr-value punctuation"
                style="color: rgb(248, 248, 242);"
              >
                "
              </span>
              <span
                class="token tag"
                style="color: rgb(255, 121, 198);"
              >
                 
              </span>
              <span
                class="token tag attr-name"
                style="color: rgb(241, 250, 140);"
              >
                title
              </span>
              <span
                class="token tag attr-value punctuation attr-equals"
                style="color: rgb(248, 248, 242);"
              >
                =
              </span>
              <span
                class="token tag attr-value punctuation"
                style="color: rgb(248, 248, 242);"
              >
                "
              </span>
              <span
                class="token tag attr-value"
                style="color: rgb(255, 121, 198);"
              >
                Vous allez créer un nouvel élément.
              </span>
              <span
                class="token tag attr-value punctuation"
                style="color: rgb(248, 248, 242);"
              >
                "
              </span>
              <span
                class="token tag"
                style="color: rgb(255, 121, 198);"
              >
                 
              </span>
              <span
                class="token tag punctuation"
                style="color: rgb(248, 248, 242);"
              >
                /&gt;
              </span>
              <span
                class="token plain-text"
              />
              

            </div>
            <div
              class="token-line"
              style="color: rgb(248, 248, 242);"
            >
              <span
                class="token plain-text"
              >
                      
              </span>
              <span
                class="token tag punctuation"
                style="color: rgb(248, 248, 242);"
              >
                &lt;
              </span>
              <span
                class="token tag"
                style="color: rgb(255, 121, 198);"
              >
                p
              </span>
              <span
                class="token tag punctuation"
                style="color: rgb(248, 248, 242);"
              >
                &gt;
              </span>
              <span
                class="token plain-text"
              >
                Confirmez-vous vouloir valider avec les informations suivantes ?
              </span>
              <span
                class="token tag punctuation"
                style="color: rgb(248, 248, 242);"
              >
                &lt;/
              </span>
              <span
                class="token tag"
                style="color: rgb(255, 121, 198);"
              >
                p
              </span>
              <span
                class="token tag punctuation"
                style="color: rgb(248, 248, 242);"
              >
                &gt;
              </span>
              <span
                class="token plain-text"
              >
                      
              </span>
              

            </div>
            <div
              class="token-line"
              style="color: rgb(248, 248, 242);"
            >
              <span
                class="token plain-text"
              >
                    
              </span>
              <span
                class="token tag punctuation"
                style="color: rgb(248, 248, 242);"
              >
                &lt;/
              </span>
              <span
                class="token tag class-name"
                style="color: rgb(255, 121, 198);"
              >
                ModalCommonBody
              </span>
              <span
                class="token tag punctuation"
                style="color: rgb(248, 248, 242);"
              >
                &gt;
              </span>
              <span
                class="token plain-text"
              />
              

            </div>
            <div
              class="token-line"
              style="color: rgb(248, 248, 242);"
            >
              <span
                class="token plain-text"
              >
                    
              </span>
              <span
                class="token tag punctuation"
                style="color: rgb(248, 248, 242);"
              >
                &lt;
              </span>
              <span
                class="token tag class-name"
                style="color: rgb(255, 121, 198);"
              >
                ModalCommonFooter
              </span>
              <span
                class="token tag"
                style="color: rgb(255, 121, 198);"
              >
                 
              </span>
              <span
                class="token tag attr-name"
                style="color: rgb(241, 250, 140);"
              >
                cancelLabel
              </span>
              <span
                class="token tag attr-value punctuation attr-equals"
                style="color: rgb(248, 248, 242);"
              >
                =
              </span>
              <span
                class="token tag attr-value punctuation"
                style="color: rgb(248, 248, 242);"
              >
                "
              </span>
              <span
                class="token tag attr-value"
                style="color: rgb(255, 121, 198);"
              >
                Annuler
              </span>
              <span
                class="token tag attr-value punctuation"
                style="color: rgb(248, 248, 242);"
              >
                "
              </span>
              <span
                class="token tag"
                style="color: rgb(255, 121, 198);"
              >
                 
              </span>
              <span
                class="token tag attr-name"
                style="color: rgb(241, 250, 140);"
              >
                onCancel
              </span>
              <span
                class="token tag script language-javascript script-punctuation punctuation"
                style="color: rgb(248, 248, 242);"
              >
                =
              </span>
              <span
                class="token tag script language-javascript punctuation"
                style="color: rgb(248, 248, 242);"
              >
                {
              </span>
              <span
                class="token tag script language-javascript"
                style="color: rgb(255, 121, 198);"
              >
                onCancel
              </span>
              <span
                class="token tag script language-javascript punctuation"
                style="color: rgb(248, 248, 242);"
              >
                }
              </span>
              <span
                class="token tag"
                style="color: rgb(255, 121, 198);"
              >
                 
              </span>
              <span
                class="token tag attr-name"
                style="color: rgb(241, 250, 140);"
              >
                onSubmit
              </span>
              <span
                class="token tag script language-javascript script-punctuation punctuation"
                style="color: rgb(248, 248, 242);"
              >
                =
              </span>
              <span
                class="token tag script language-javascript punctuation"
                style="color: rgb(248, 248, 242);"
              >
                {
              </span>
              <span
                class="token tag script language-javascript"
                style="color: rgb(255, 121, 198);"
              >
                onCancel
              </span>
              <span
                class="token tag script language-javascript punctuation"
                style="color: rgb(248, 248, 242);"
              >
                }
              </span>
              <span
                class="token tag"
                style="color: rgb(255, 121, 198);"
              >
                 
              </span>
              <span
                class="token tag attr-name"
                style="color: rgb(241, 250, 140);"
              >
                confirmLabel
              </span>
              <span
                class="token tag attr-value punctuation attr-equals"
                style="color: rgb(248, 248, 242);"
              >
                =
              </span>
              <span
                class="token tag attr-value punctuation"
                style="color: rgb(248, 248, 242);"
              >
                "
              </span>
              <span
                class="token tag attr-value"
                style="color: rgb(255, 121, 198);"
              >
                Valider
              </span>
              <span
                class="token tag attr-value punctuation"
                style="color: rgb(248, 248, 242);"
              >
                "
              </span>
              <span
                class="token tag"
                style="color: rgb(255, 121, 198);"
              >
                 
              </span>
              <span
                class="token tag attr-name"
                style="color: rgb(241, 250, 140);"
              >
                confirmClassModifier
              </span>
              <span
                class="token tag attr-value punctuation attr-equals"
                style="color: rgb(248, 248, 242);"
              >
                =
              </span>
              <span
                class="token tag attr-value punctuation"
                style="color: rgb(248, 248, 242);"
              >
                "
              </span>
              <span
                class="token tag attr-value punctuation"
                style="color: rgb(248, 248, 242);"
              >
                "
              </span>
              <span
                class="token tag"
                style="color: rgb(255, 121, 198);"
              >
                 
              </span>
              <span
                class="token tag punctuation"
                style="color: rgb(248, 248, 242);"
              >
                /&gt;
              </span>
              <span
                class="token plain-text"
              />
              

            </div>
            <div
              class="token-line"
              style="color: rgb(248, 248, 242);"
            >
              <span
                class="token plain-text"
              >
                  
              </span>
              <span
                class="token tag punctuation"
                style="color: rgb(248, 248, 242);"
              >
                &lt;/
              </span>
              <span
                class="token tag class-name"
                style="color: rgb(255, 121, 198);"
              >
                Modal
              </span>
              <span
                class="token tag punctuation"
                style="color: rgb(248, 248, 242);"
              >
                &gt;
              </span>
              <span
                class="token plain-text"
              />
              

            </div>
            <div
              class="token-line"
              style="color: rgb(248, 248, 242);"
            >
              <span
                class="token plain-text"
              />
              <span
                class="token tag punctuation"
                style="color: rgb(248, 248, 242);"
              >
                &lt;/
              </span>
              <span
                class="token tag punctuation"
                style="color: rgb(248, 248, 242);"
              >
                &gt;
              </span>
              <span
                class="token plain"
              />
              

            </div>
            <div
              class="token-line"
              style="color: rgb(248, 248, 242);"
            >
              

            </div>
          </pre>
        </div>
        <div
          style="padding: 2rem; border: 3px solid #ccc;"
        />
      </article>
    </div>
  </div>
</body>
`;
