// Jest Snapshot v1, https://goo.gl/fbAQLP

exports[`Notifications Render <Notification/> 1`] = `
<DocumentFragment>
  <div
    class="af-alert af-alert--notification"
  >
    <button
      class="af-alert__icon-close"
    >
      <i
        class="glyphicon glyphicon-close"
      />
    </button>
    <div
      class="af-alert__title"
    >
      <div
        class="af-alert__title-icon"
      >
        <i
          class="glyphicon glyphicon-undefined"
        />
      </div>
      <div
        class="af-alert__title-text"
      >
        title
      </div>
    </div>
    <div
      class="af-alert__content"
    >
      <div
        class="af-alert__content__left"
      />
      <div
        class="af-alert__content__right"
      >
        <p>
          detail
        </p>
      </div>
    </div>
  </div>
</DocumentFragment>
`;
